Component: ARM Compiler 5.06 update 7 (build 960) Tool: armlink [4d3601]

==============================================================================

Section Cross References

    startup_stm32f407xx.o(STACK) refers (Special) to heapauxi.o(.text) for __use_two_region_memory
    startup_stm32f407xx.o(HEAP) refers (Special) to heapauxi.o(.text) for __use_two_region_memory
    startup_stm32f407xx.o(RESET) refers (Special) to heapauxi.o(.text) for __use_two_region_memory
    startup_stm32f407xx.o(RESET) refers to startup_stm32f407xx.o(STACK) for __initial_sp
    startup_stm32f407xx.o(RESET) refers to startup_stm32f407xx.o(.text) for Reset_Handler
    startup_stm32f407xx.o(RESET) refers to stm32f4xx_it.o(i.NMI_Handler) for NMI_Handler
    startup_stm32f407xx.o(RESET) refers to stm32f4xx_it.o(i.HardFault_Handler) for HardFault_Handler
    startup_stm32f407xx.o(RESET) refers to stm32f4xx_it.o(i.MemManage_Handler) for MemManage_Handler
    startup_stm32f407xx.o(RESET) refers to stm32f4xx_it.o(i.BusFault_Handler) for BusFault_Handler
    startup_stm32f407xx.o(RESET) refers to stm32f4xx_it.o(i.UsageFault_Handler) for UsageFault_Handler
    startup_stm32f407xx.o(RESET) refers to port.o(.emb_text) for SVC_Handler
    startup_stm32f407xx.o(RESET) refers to stm32f4xx_it.o(i.DebugMon_Handler) for DebugMon_Handler
    startup_stm32f407xx.o(RESET) refers to cmsis_os2.o(i.SysTick_Handler) for SysTick_Handler
    startup_stm32f407xx.o(RESET) refers to stm32f4xx_it.o(i.USART1_IRQHandler) for USART1_IRQHandler
    startup_stm32f407xx.o(RESET) refers to stm32f4xx_it.o(i.USART2_IRQHandler) for USART2_IRQHandler
    startup_stm32f407xx.o(RESET) refers to stm32f4xx_it.o(i.TIM8_UP_TIM13_IRQHandler) for TIM8_UP_TIM13_IRQHandler
    startup_stm32f407xx.o(.text) refers (Special) to heapauxi.o(.text) for __use_two_region_memory
    startup_stm32f407xx.o(.text) refers to system_stm32f4xx.o(i.SystemInit) for SystemInit
    startup_stm32f407xx.o(.text) refers to __main.o(!!!main) for __main
    startup_stm32f407xx.o(.text) refers to startup_stm32f407xx.o(HEAP) for Heap_Mem
    startup_stm32f407xx.o(.text) refers to startup_stm32f407xx.o(STACK) for Stack_Mem
    uart_debug.o(.rev16_text) refers (Special) to use_no_semi_2.o(.text) for __use_no_semihosting
    uart_debug.o(.revsh_text) refers (Special) to use_no_semi_2.o(.text) for __use_no_semihosting
    uart_debug.o(.rrx_text) refers (Special) to use_no_semi_2.o(.text) for __use_no_semihosting
    uart_debug.o(i._sys_exit) refers (Special) to use_no_semi_2.o(.text) for __use_no_semihosting
    uart_debug.o(i.fputc) refers (Special) to use_no_semi_2.o(.text) for __use_no_semihosting
    uart_debug.o(i.fputc) refers to stm32f4xx_hal_uart.o(i.HAL_UART_Transmit) for HAL_UART_Transmit
    uart_debug.o(i.fputc) refers to usart.o(.bss) for huart1
    uart_debug.o(i.parse_cmd) refers (Special) to use_no_semi_2.o(.text) for __use_no_semihosting
    uart_debug.o(i.parse_cmd) refers to strstr.o(.text) for strstr
    uart_debug.o(i.parse_cmd) refers to noretval__2printf.o(.text) for __2printf
    uart_debug.o(i.uart1_putc) refers (Special) to use_no_semi_2.o(.text) for __use_no_semihosting
    uart_debug.o(i.uart1_putc) refers to stm32f4xx_hal_uart.o(i.HAL_UART_Transmit) for HAL_UART_Transmit
    uart_debug.o(i.uart1_putc) refers to usart.o(.bss) for huart1
    uart_debug.o(i.uart1_puts) refers (Special) to use_no_semi_2.o(.text) for __use_no_semihosting
    uart_debug.o(i.uart1_puts) refers to strlen.o(.text) for strlen
    uart_debug.o(i.uart1_puts) refers to stm32f4xx_hal_uart.o(i.HAL_UART_Transmit) for HAL_UART_Transmit
    uart_debug.o(i.uart1_puts) refers to usart.o(.bss) for huart1
    uart_debug.o(i.uart2_putc) refers (Special) to use_no_semi_2.o(.text) for __use_no_semihosting
    uart_debug.o(i.uart2_putc) refers to stm32f4xx_hal_uart.o(i.HAL_UART_Transmit) for HAL_UART_Transmit
    uart_debug.o(i.uart2_putc) refers to usart.o(.bss) for huart2
    uart_debug.o(i.uart2_puts) refers (Special) to use_no_semi_2.o(.text) for __use_no_semihosting
    uart_debug.o(i.uart2_puts) refers to strlen.o(.text) for strlen
    uart_debug.o(i.uart2_puts) refers to stm32f4xx_hal_uart.o(i.HAL_UART_Transmit) for HAL_UART_Transmit
    uart_debug.o(i.uart2_puts) refers to usart.o(.bss) for huart2
    uart_debug.o(i.uart3_putc) refers (Special) to use_no_semi_2.o(.text) for __use_no_semihosting
    uart_debug.o(i.uart3_putc) refers to stm32f4xx_hal_uart.o(i.HAL_UART_Transmit) for HAL_UART_Transmit
    uart_debug.o(i.uart3_putc) refers to usart.o(.bss) for huart3
    uart_debug.o(i.uart3_puts) refers (Special) to use_no_semi_2.o(.text) for __use_no_semihosting
    uart_debug.o(i.uart3_puts) refers to strlen.o(.text) for strlen
    uart_debug.o(i.uart3_puts) refers to stm32f4xx_hal_uart.o(i.HAL_UART_Transmit) for HAL_UART_Transmit
    uart_debug.o(i.uart3_puts) refers to usart.o(.bss) for huart3
    uart_debug.o(i.uart_debug_init) refers (Special) to use_no_semi_2.o(.text) for __use_no_semihosting
[...]
    __rt_lib_shutdown_signal_1               0x0800027b   Thumb Code     0  libshutdown2.o(.ARM.Collect$$libshutdown$$0000000C)
    __rt_lib_shutdown_stdio_1                0x0800027b   Thumb Code     0  libshutdown2.o(.ARM.Collect$$libshutdown$$00000006)
    __rt_lib_shutdown_user_alloc_1           0x0800027b   Thumb Code     0  libshutdown2.o(.ARM.Collect$$libshutdown$$0000000E)
    __rt_entry                               0x0800027d   Thumb Code     0  __rtentry.o(.ARM.Collect$$rtentry$$00000000)
    __rt_entry_presh_1                       0x0800027d   Thumb Code     0  __rtentry2.o(.ARM.Collect$$rtentry$$00000002)
    __rt_entry_sh                            0x0800027d   Thumb Code     0  __rtentry4.o(.ARM.Collect$$rtentry$$00000004)
    __rt_entry_li                            0x08000283   Thumb Code     0  __rtentry2.o(.ARM.Collect$$rtentry$$0000000A)
    __rt_entry_postsh_1                      0x08000283   Thumb Code     0  __rtentry2.o(.ARM.Collect$$rtentry$$00000009)
    __rt_entry_main                          0x08000287   Thumb Code     0  __rtentry2.o(.ARM.Collect$$rtentry$$0000000D)
    __rt_entry_postli_1                      0x08000287   Thumb Code     0  __rtentry2.o(.ARM.Collect$$rtentry$$0000000C)
    __rt_exit                                0x0800028f   Thumb Code     0  rtexit.o(.ARM.Collect$$rtexit$$00000000)
    __rt_exit_ls                             0x08000291   Thumb Code     0  rtexit2.o(.ARM.Collect$$rtexit$$00000003)
    __rt_exit_prels_1                        0x08000291   Thumb Code     0  rtexit2.o(.ARM.Collect$$rtexit$$00000002)
    __rt_exit_exit                           0x08000295   Thumb Code     0  rtexit2.o(.ARM.Collect$$rtexit$$00000004)
    SVC_Handler                              0x0800029d   Thumb Code    28  port.o(.emb_text)
    __asm___6_port_c_39a90d8d__prvStartFirstTask 0x080002bd   Thumb Code    36  port.o(.emb_text)
    __asm___6_port_c_39a90d8d__prvEnableVFP  0x080002e5   Thumb Code    16  port.o(.emb_text)
    PendSV_Handler                           0x080002f9   Thumb Code    88  port.o(.emb_text)
    vPortGetIPSR                             0x08000355   Thumb Code     6  port.o(.emb_text)
    Reset_Handler                            0x0800035d   Thumb Code     8  startup_stm32f407xx.o(.text)
    ADC_IRQHandler                           0x08000377   Thumb Code     0  startup_stm32f407xx.o(.text)
    CAN1_RX0_IRQHandler                      0x08000377   Thumb Code     0  startup_stm32f407xx.o(.text)
    CAN1_RX1_IRQHandler                      0x08000377   Thumb Code     0  startup_stm32f407xx.o(.text)
    CAN1_SCE_IRQHandler                      0x08000377   Thumb Code     0  startup_stm32f407xx.o(.text)
    CAN1_TX_IRQHandler                       0x08000377   Thumb Code     0  startup_stm32f407xx.o(.text)
    CAN2_RX0_IRQHandler                      0x08000377   Thumb Code     0  startup_stm32f407xx.o(.text)
    CAN2_RX1_IRQHandler                      0x08000377   Thumb Code     0  startup_stm32f407xx.o(.text)
    CAN2_SCE_IRQHandler                      0x08000377   Thumb Code     0  startup_stm32f407xx.o(.text)
    CAN2_TX_IRQHandler                       0x08000377   Thumb Code     0  startup_stm32f407xx.o(.text)
    DCMI_IRQHandler                          0x08000377   Thumb Code     0  startup_stm32f407xx.o(.text)
    DMA1_Stream0_IRQHandler                  0x08000377   Thumb Code     0  startup_stm32f407xx.o(.text)
    DMA1_Stream1_IRQHandler                  0x08000377   Thumb Code     0  startup_stm32f407xx.o(.text)
    DMA1_Stream2_IRQHandler                  0x08000377   Thumb Code     0  startup_stm32f407xx.o(.text)
    DMA1_Stream3_IRQHandler                  0x08000377   Thumb Code     0  startup_stm32f407xx.o(.text)
    DMA1_Stream4_IRQHandler                  0x08000377   Thumb Code     0  startup_stm32f407xx.o(.text)
    DMA1_Stream5_IRQHandler                  0x08000377   Thumb Code     0  startup_stm32f407xx.o(.text)
    DMA1_Stream6_IRQHandler                  0x08000377   Thumb Code     0  startup_stm32f407xx.o(.text)
    DMA1_Stream7_IRQHandler                  0x08000377   Thumb Code     0  startup_stm32f407xx.o(.text)
    DMA2_Stream0_IRQHandler                  0x08000377   Thumb Code     0  startup_stm32f407xx.o(.text)
    DMA2_Stream1_IRQHandler                  0x08000377   Thumb Code     0  startup_stm32f407xx.o(.text)
    DMA2_Stream2_IRQHandler                  0x08000377   Thumb Code     0  startup_stm32f407xx.o(.text)
    DMA2_Stream3_IRQHandler                  0x08000377   Thumb Code     0  startup_stm32f407xx.o(.text)
    DMA2_Stream4_IRQHandler                  0x08000377   Thumb Code     0  startup_stm32f407xx.o(.text)
    DMA2_Stream5_IRQHandler                  0x08000377   Thumb Code     0  startup_stm32f407xx.o(.text)
    DMA2_Stream6_IRQHandler                  0x08000377   Thumb Code     0  startup_stm32f407xx.o(.text)
    DMA2_Stream7_IRQHandler                  0x08000377   Thumb Code     0  startup_stm32f407xx.o(.text)
    ETH_IRQHandler                           0x08000377   Thumb Code     0  startup_stm32f407xx.o(.text)
    ETH_WKUP_IRQHandler                      0x08000377   Thumb Code     0  startup_stm32f407xx.o(.text)
    EXTI0_IRQHandler                         0x08000377   Thumb Code     0  startup_stm32f407xx.o(.text)
    EXTI15_10_IRQHandler                     0x08000377   Thumb Code     0  startup_stm32f407xx.o(.text)
    EXTI1_IRQHandler                         0x08000377   Thumb Code     0  startup_stm32f407xx.o(.text)
    EXTI2_IRQHandler                         0x08000377   Thumb Code     0  startup_stm32f407xx.o(.text)
    EXTI3_IRQHandler                         0x08000377   Thumb Code     0  startup_stm32f407xx.o(.text)
    EXTI4_IRQHandler                         0x08000377   Thumb Code     0  startup_stm32f407xx.o(.text)
    EXTI9_5_IRQHandler                       0x08000377   Thumb Code     0  startup_stm32f407xx.o(.text)
    FLASH_IRQHandler                         0x08000377   Thumb Code     0  startup_stm32f407xx.o(.text)
    FMC_IRQHandler                           0x08000377   Thumb Code     0  startup_stm32f407xx.o(.text)
    FPU_IRQHandler                           0x08000377   Thumb Code     0  startup_stm32f407xx.o(.text)
    HASH_RNG_IRQHandler                      0x08000377   Thumb Code     0  startup_stm32f407xx.o(.text)
    I2C1_ER_IRQHandler                       0x08000377   Thumb Code     0  startup_stm32f407xx.o(.text)
    I2C1_EV_IRQHandler                       0x08000377   Thumb Code     0  startup_stm32f407xx.o(.text)
    I2C2_ER_IRQHandler                       0x08000377   Thumb Code     0  startup_stm32f407xx.o(.text)
    I2C2_EV_IRQHandler                       0x08000377   Thumb Code     0  startup_stm32f407xx.o(.text)
    I2C3_ER_IRQHandler                       0x08000377   Thumb Code     0  startup_stm32f407xx.o(.text)
    I2C3_EV_IRQHandler                       0x08000377   Thumb Code     0  startup_stm32f407xx.o(.text)
    OTG_FS_IRQHandler                        0x08000377   Thumb Code     0  startup_stm32f407xx.o(.text)
    OTG_FS_WKUP_IRQHandler                   0x08000377   Thumb Code     0  startup_stm32f407xx.o(.text)
    OTG_HS_EP1_IN_IRQHandler                 0x08000377   Thumb Code     0  startup_stm32f407xx.o(.text)
    OTG_HS_EP1_OUT_IRQHandler                0x08000377   Thumb Code     0  startup_stm32f407xx.o(.text)
    OTG_HS_IRQHandler                        0x08000377   Thumb Code     0  startup_stm32f407xx.o(.text)
    OTG_HS_WKUP_IRQHandler                   0x08000377   Thumb Code     0  startup_stm32f407xx.o(.text)
    PVD_IRQHandler                           0x08000377   Thumb Code     0  startup_stm32f407xx.o(.text)
    RCC_IRQHandler                           0x08000377   Thumb Code     0  startup_stm32f407xx.o(.text)
    RTC_Alarm_IRQHandler                     0x08000377   Thumb Code     0  startup_stm32f407xx.o(.text)
    RTC_WKUP_IRQHandler                      0x08000377   Thumb Code     0  startup_stm32f407xx.o(.text)
    SDIO_IRQHandler                          0x08000377   Thumb Code     0  startup_stm32f407xx.o(.text)
    SPI1_IRQHandler                          0x08000377   Thumb Code     0  startup_stm32f407xx.o(.text)
    SPI2_IRQHandler                          0x08000377   Thumb Code     0  startup_stm32f407xx.o(.text)
    SPI3_IRQHandler                          0x08000377   Thumb Code     0  startup_stm32f407xx.o(.text)
    TAMP_STAMP_IRQHandler                    0x08000377   Thumb Code     0  startup_stm32f407xx.o(.text)
    TIM1_BRK_TIM9_IRQHandler                 0x08000377   Thumb Code     0  startup_stm32f407xx.o(.text)
    TIM1_CC_IRQHandler                       0x08000377   Thumb Code     0  startup_stm32f407xx.o(.text)
    TIM1_TRG_COM_TIM11_IRQHandler            0x08000377   Thumb Code     0  startup_stm32f407xx.o(.text)
    TIM1_UP_TIM10_IRQHandler                 0x08000377   Thumb Code     0  startup_stm32f407xx.o(.text)
    TIM2_IRQHandler                          0x08000377   Thumb Code     0  startup_stm32f407xx.o(.text)
    TIM3_IRQHandler                          0x08000377   Thumb Code     0  startup_stm32f407xx.o(.text)
    TIM4_IRQHandler                          0x08000377   Thumb Code     0  startup_stm32f407xx.o(.text)
    TIM5_IRQHandler                          0x08000377   Thumb Code     0  startup_stm32f407xx.o(.text)
    TIM6_DAC_IRQHandler                      0x08000377   Thumb Code     0  startup_stm32f407xx.o(.text)
    TIM7_IRQHandler                          0x08000377   Thumb Code     0  startup_stm32f407xx.o(.text)
    TIM8_BRK_TIM12_IRQHandler                0x08000377   Thumb Code     0  startup_stm32f407xx.o(.text)
    TIM8_CC_IRQHandler                       0x08000377   Thumb Code     0  startup_stm32f407xx.o(.text)
    TIM8_TRG_COM_TIM14_IRQHandler            0x08000377   Thumb Code     0  startup_stm32f407xx.o(.text)
    UART4_IRQHandler                         0x08000377   Thumb Code     0  startup_stm32f407xx.o(.text)
    UART5_IRQHandler                         0x08000377   Thumb Code     0  startup_stm32f407xx.o(.text)
    USART3_IRQHandler                        0x08000377   Thumb Code     0  startup_stm32f407xx.o(.text)
    USART6_IRQHandler                        0x08000377   Thumb Code     0  startup_stm32f407xx.o(.text)
    WWDG_IRQHandler                          0x08000377   Thumb Code     0  startup_stm32f407xx.o(.text)
    __user_initial_stackheap                 0x08000379   Thumb Code     0  startup_stm32f407xx.o(.text)
    __use_no_semihosting                     0x0800039d   Thumb Code     2  use_no_semi_2.o(.text)
    __aeabi_uldivmod                         0x0800039f   Thumb Code     0  lludivv7m.o(.text)
    _ll_udiv                                 0x0800039f   Thumb Code   238  lludivv7m.o(.text)
    __2printf                                0x0800048d   Thumb Code    20  noretval__2printf.o(.text)
    __2snprintf                              0x080004a5   Thumb Code    48  noretval__2snprintf.o(.text)
    _printf_pre_padding                      0x080004d9   Thumb Code    44  _printf_pad.o(.text)
    _printf_post_padding                     0x08000505   Thumb Code    34  _printf_pad.o(.text)
    _printf_str                              0x08000527   Thumb Code    82  _printf_str.o(.text)
    _printf_int_dec                          0x08000579   Thumb Code   104  _printf_dec.o(.text)
    _printf_int_hex                          0x080005f1   Thumb Code    84  _printf_hex_int.o(.text)
    _printf_longlong_hex                     0x080005f1   Thumb Code     0  _printf_hex_int.o(.text)
    __printf                                 0x08000649   Thumb Code   388  __printf_flags_ss_wp.o(.text)
    atoi                                     0x080007d1   Thumb Code    26  atoi.o(.text)
    memcmp                                   0x080007eb   Thumb Code    88  memcmp.o(.text)
    strlen                                   0x08000843   Thumb Code    62  strlen.o(.text)
    __aeabi_memcpy                           0x08000881   Thumb Code     0  rt_memcpy_v6.o(.text)
    __rt_memcpy                              0x08000881   Thumb Code   138  rt_memcpy_v6.o(.text)
    _memcpy_lastbytes                        0x080008e7   Thumb Code     0  rt_memcpy_v6.o(.text)
    __aeabi_memcpy4                          0x0800090b   Thumb Code     0  rt_memcpy_w.o(.text)
    __aeabi_memcpy8                          0x0800090b   Thumb Code     0  rt_memcpy_w.o(.text)
    __rt_memcpy_w                            0x0800090b   Thumb Code   100  rt_memcpy_w.o(.text)
    _memcpy_lastbytes_aligned                0x08000953   Thumb Code     0  rt_memcpy_w.o(.text)
    __aeabi_memset                           0x0800096f   Thumb Code    16  aeabi_memset.o(.text)
    __aeabi_memclr                           0x0800097f   Thumb Code     0  rt_memclr.o(.text)
    __rt_memclr                              0x0800097f   Thumb Code    68  rt_memclr.o(.text)
    _memset                                  0x08000983   Thumb Code     0  rt_memclr.o(.text)
    __aeabi_memclr4                          0x080009c3   Thumb Code     0  rt_memclr_w.o(.text)
    __aeabi_memclr8                          0x080009c3   Thumb Code     0  rt_memclr_w.o(.text)
    __rt_memclr_w                            0x080009c3   Thumb Code    78  rt_memclr_w.o(.text)
    _memset_w                                0x080009c7   Thumb Code     0  rt_memclr_w.o(.text)
    strcmp                                   0x08000a11   Thumb Code   128  strcmpv7m.o(.text)
    __use_two_region_memory                  0x08000a91   Thumb Code     2  heapauxi.o(.text)
    __rt_heap_escrow$2region                 0x08000a93   Thumb Code     2  heapauxi.o(.text)
    __rt_heap_expand$2region                 0x08000a95   Thumb Code     2  heapauxi.o(.text)
    __I$use$semihosting                      0x08000a97   Thumb Code     0  use_no_semi.o(.text)
    __use_no_semihosting_swi                 0x08000a97   Thumb Code     2  use_no_semi.o(.text)
    __aeabi_errno_addr                       0x08000a99   Thumb Code     8  rt_errno_addr_intlibspace.o(.text)
    __errno$intlibspace                      0x08000a99   Thumb Code     0  rt_errno_addr_intlibspace.o(.text)
    __rt_errno_addr$intlibspace              0x08000a99   Thumb Code     0  rt_errno_addr_intlibspace.o(.text)
    _printf_int_common                       0x08000aa1   Thumb Code   178  _printf_intcommon.o(.text)
    _printf_char_common                      0x08000b5f   Thumb Code    32  _printf_char_common.o(.text)
    _sputc                                   0x08000b85   Thumb Code    10  _sputc.o(.text)
    _snputc                                  0x08000b8f   Thumb Code    16  _snputc.o(.text)
    _printf_cs_common                        0x08000b9f   Thumb Code    20  _printf_char.o(.text)
    _printf_char                             0x08000bb3   Thumb Code    16  _printf_char.o(.text)
    _printf_string                           0x08000bc3   Thumb Code     8  _printf_char.o(.text)
    _printf_char_file                        0x08000bcd   Thumb Code    32  _printf_char_file.o(.text)
    strtol                                   0x08000bf1   Thumb Code   112  strtol.o(.text)
    __user_libspace                          0x08000c61   Thumb Code     8  libspace.o(.text)
    __user_perproc_libspace                  0x08000c61   Thumb Code     0  libspace.o(.text)
    __user_perthread_libspace                0x08000c61   Thumb Code     0  libspace.o(.text)
    __rt_ctype_table                         0x08000c69   Thumb Code    16  rt_ctype_table.o(.text)
    _strtoul                                 0x08000c79   Thumb Code   158  _strtoul.o(.text)
    ferror                                   0x08000d17   Thumb Code     8  ferror.o(.text)
    __user_setup_stackheap                   0x08000d1f   Thumb Code    74  sys_stackheap_outer.o(.text)
    __rt_locale                              0x08000d69   Thumb Code     8  rt_locale_intlibspace.o(.text)
    _chval                                   0x08000d71   Thumb Code    28  _chval.o(.text)
    exit                                     0x08000d8d   Thumb Code    18  exit.o(.text)
    AntennaOn                                0x08000d9f   Thumb Code    26  rc522.o(i.AntennaOn)
    BusFault_Handler                         0x08000db9   Thumb Code     4  stm32f4xx_it.o(i.BusFault_Handler)
    CalulateCRC                              0x08000dbd   Thumb Code   118  rc522.o(i.CalulateCRC)
    ClearBitMask                             0x08000e33   Thumb Code    28  rc522.o(i.ClearBitMask)
    DebugMon_Handler                         0x08000e4f   Thumb Code     2  stm32f4xx_it.o(i.DebugMon_Handler)
    Error_Handler                            0x08000e51   Thumb Code     6  main.o(i.Error_Handler)
    HAL_DMA_Abort                            0x08000e57   Thumb Code   172  stm32f4xx_hal_dma.o(i.HAL_DMA_Abort)
    HAL_DMA_Abort_IT                         0x08000f03   Thumb Code    40  stm32f4xx_hal_dma.o(i.HAL_DMA_Abort_IT)
    HAL_GPIO_Init                            0x08000f2d   Thumb Code   454  stm32f4xx_hal_gpio.o(i.HAL_GPIO_Init)
    HAL_GPIO_ReadPin                         0x08001121   Thumb Code    16  stm32f4xx_hal_gpio.o(i.HAL_GPIO_ReadPin)
    HAL_GPIO_WritePin                        0x08001131   Thumb Code    12  stm32f4xx_hal_gpio.o(i.HAL_GPIO_WritePin)
    HAL_GetTick                              0x0800113d   Thumb Code     6  stm32f4xx_hal.o(i.HAL_GetTick)
    HAL_IncTick                              0x08001149   Thumb Code    16  stm32f4xx_hal.o(i.HAL_IncTick)
    HAL_Init                                 0x08001161   Thumb Code    54  stm32f4xx_hal.o(i.HAL_Init)
    HAL_InitTick                             0x0800119d   Thumb Code   140  stm32f4xx_hal_timebase_tim.o(i.HAL_InitTick)
    HAL_MspInit                              0x0800123d   Thumb Code    78  stm32f4xx_hal_msp.o(i.HAL_MspInit)
    HAL_NVIC_EnableIRQ                       0x08001291   Thumb Code    40  stm32f4xx_hal_cortex.o(i.HAL_NVIC_EnableIRQ)
    HAL_NVIC_SetPriority                     0x080012b9   Thumb Code   124  stm32f4xx_hal_cortex.o(i.HAL_NVIC_SetPriority)
    HAL_NVIC_SetPriorityGrouping             0x08001335   Thumb Code    32  stm32f4xx_hal_cortex.o(i.HAL_NVIC_SetPriorityGrouping)
    HAL_RCCEx_PeriphCLKConfig                0x0800135d   Thumb Code   396  stm32f4xx_hal_rcc_ex.o(i.HAL_RCCEx_PeriphCLKConfig)
    HAL_RCC_ClockConfig                      0x080014fd   Thumb Code   368  stm32f4xx_hal_rcc.o(i.HAL_RCC_ClockConfig)
    HAL_RCC_GetClockConfig                   0x08001681   Thumb Code    58  stm32f4xx_hal_rcc.o(i.HAL_RCC_GetClockConfig)
    HAL_RCC_GetHCLKFreq                      0x080016c5   Thumb Code     6  stm32f4xx_hal_rcc.o(i.HAL_RCC_GetHCLKFreq)
    HAL_RCC_GetPCLK1Freq                     0x080016d1   Thumb Code    22  stm32f4xx_hal_rcc.o(i.HAL_RCC_GetPCLK1Freq)
    HAL_RCC_GetPCLK2Freq                     0x080016f1   Thumb Code    22  stm32f4xx_hal_rcc.o(i.HAL_RCC_GetPCLK2Freq)
    HAL_RCC_GetSysClockFreq                  0x08001711   Thumb Code   162  stm32f4xx_hal_rcc.o(i.HAL_RCC_GetSysClockFreq)
    HAL_RCC_OscConfig                        0x080017c1   Thumb Code  1172  stm32f4xx_hal_rcc.o(i.HAL_RCC_OscConfig)
    HAL_RTC_GetDate                          0x08001c5d   Thumb Code    72  stm32f4xx_hal_rtc.o(i.HAL_RTC_GetDate)
    HAL_RTC_GetTime                          0x08001ca9   Thumb Code    88  stm32f4xx_hal_rtc.o(i.HAL_RTC_GetTime)
    HAL_RTC_Init                             0x08001d05   Thumb Code   174  stm32f4xx_hal_rtc.o(i.HAL_RTC_Init)
    HAL_RTC_MspInit                          0x08001db9   Thumb Code    50  rtc.o(i.HAL_RTC_MspInit)
    HAL_RTC_SetDate                          0x08001df5   Thumb Code   188  stm32f4xx_hal_rtc.o(i.HAL_RTC_SetDate)
    HAL_RTC_SetTime                          0x08001eb5   Thumb Code   230  stm32f4xx_hal_rtc.o(i.HAL_RTC_SetTime)
    HAL_RTC_WaitForSynchro                   0x08001fa1   Thumb Code    52  stm32f4xx_hal_rtc.o(i.HAL_RTC_WaitForSynchro)
    HAL_SPI_Init                             0x08001fd9   Thumb Code   200  stm32f4xx_hal_spi.o(i.HAL_SPI_Init)
    HAL_SPI_MspInit                          0x080020a1   Thumb Code   122  spi.o(i.HAL_SPI_MspInit)
    HAL_SPI_TransmitReceive                  0x08002129   Thumb Code   584  stm32f4xx_hal_spi.o(i.HAL_SPI_TransmitReceive)
    HAL_TIMEx_BreakCallback                  0x08002371   Thumb Code     2  stm32f4xx_hal_tim_ex.o(i.HAL_TIMEx_BreakCallback)
    HAL_TIMEx_CommutCallback                 0x08002373   Thumb Code     2  stm32f4xx_hal_tim_ex.o(i.HAL_TIMEx_CommutCallback)
    HAL_TIMEx_MasterConfigSynchronization    0x08002375   Thumb Code   150  stm32f4xx_hal_tim_ex.o(i.HAL_TIMEx_MasterConfigSynchronization)
    HAL_TIM_Base_Init                        0x08002429   Thumb Code   102  stm32f4xx_hal_tim.o(i.HAL_TIM_Base_Init)
    HAL_TIM_Base_MspInit                     0x08002491   Thumb Code    44  tim.o(i.HAL_TIM_Base_MspInit)
    HAL_TIM_Base_Start_IT                    0x080024c5   Thumb Code   138  stm32f4xx_hal_tim.o(i.HAL_TIM_Base_Start_IT)
    HAL_TIM_ConfigClockSource                0x0800256d   Thumb Code   268  stm32f4xx_hal_tim.o(i.HAL_TIM_ConfigClockSource)
    HAL_TIM_IC_CaptureCallback               0x08002679   Thumb Code     2  stm32f4xx_hal_tim.o(i.HAL_TIM_IC_CaptureCallback)
    HAL_TIM_IRQHandler                       0x0800267b   Thumb Code   364  stm32f4xx_hal_tim.o(i.HAL_TIM_IRQHandler)
    HAL_TIM_MspPostInit                      0x080027e9   Thumb Code    84  tim.o(i.HAL_TIM_MspPostInit)
    HAL_TIM_OC_DelayElapsedCallback          0x08002849   Thumb Code     2  stm32f4xx_hal_tim.o(i.HAL_TIM_OC_DelayElapsedCallback)
    HAL_TIM_PWM_ConfigChannel                0x0800284b   Thumb Code   260  stm32f4xx_hal_tim.o(i.HAL_TIM_PWM_ConfigChannel)
    HAL_TIM_PWM_Init                         0x0800294f   Thumb Code   102  stm32f4xx_hal_tim.o(i.HAL_TIM_PWM_Init)
    HAL_TIM_PWM_MspInit                      0x080029b5   Thumb Code     2  stm32f4xx_hal_tim.o(i.HAL_TIM_PWM_MspInit)
    HAL_TIM_PWM_PulseFinishedCallback        0x080029b7   Thumb Code     2  stm32f4xx_hal_tim.o(i.HAL_TIM_PWM_PulseFinishedCallback)
    HAL_TIM_PWM_Start                        0x080029b9   Thumb Code   238  stm32f4xx_hal_tim.o(i.HAL_TIM_PWM_Start)
    HAL_TIM_PeriodElapsedCallback            0x08002ac5   Thumb Code    18  main.o(i.HAL_TIM_PeriodElapsedCallback)
    HAL_TIM_TriggerCallback                  0x08002add   Thumb Code     2  stm32f4xx_hal_tim.o(i.HAL_TIM_TriggerCallback)
    HAL_UARTEx_RxEventCallback               0x08002adf   Thumb Code     2  stm32f4xx_hal_uart.o(i.HAL_UARTEx_RxEventCallback)
    HAL_UART_ErrorCallback                   0x08002ae1   Thumb Code    38  sfm.o(i.HAL_UART_ErrorCallback)
    HAL_UART_IRQHandler                      0x08002b11   Thumb Code   772  stm32f4xx_hal_uart.o(i.HAL_UART_IRQHandler)
    HAL_UART_Init                            0x08002e19   Thumb Code   118  stm32f4xx_hal_uart.o(i.HAL_UART_Init)
    HAL_UART_MspInit                         0x08002e91   Thumb Code   406  usart.o(i.HAL_UART_MspInit)
    HAL_UART_Receive                         0x08003041   Thumb Code   194  stm32f4xx_hal_uart.o(i.HAL_UART_Receive)
    HAL_UART_RxCpltCallback                  0x08003103   Thumb Code     2  sfm.o(i.HAL_UART_RxCpltCallback)
    HAL_UART_Transmit                        0x08003105   Thumb Code   190  stm32f4xx_hal_uart.o(i.HAL_UART_Transmit)
    HAL_UART_TxCpltCallback                  0x080031c3   Thumb Code     2  stm32f4xx_hal_uart.o(i.HAL_UART_TxCpltCallback)
    HardFault_Handler                        0x080031c5   Thumb Code     4  stm32f4xx_it.o(i.HardFault_Handler)
    Keypad_GetChar                           0x08003279   Thumb Code    48  keyboard.o(i.Keypad_GetChar)
    Keypad_Scan                              0x080032ad   Thumb Code   152  keyboard.o(i.Keypad_Scan)
    MF522SPI_Init                            0x0800334d   Thumb Code    36  rc522.o(i.MF522SPI_Init)
    MF522SPI_ReadWriteByte                   0x08003375   Thumb Code    26  rc522.o(i.MF522SPI_ReadWriteByte)
    MF522SPI_Recv                            0x08003395   Thumb Code    14  rc522.o(i.MF522SPI_Recv)
    MF522SPI_Send                            0x080033a3   Thumb Code    12  rc522.o(i.MF522SPI_Send)
    MF522_Init                               0x080033b1   Thumb Code    22  rc522.o(i.MF522_Init)
    MFRC522_Anticoll                         0x080033cd   Thumb Code    98  rc522.o(i.MFRC522_Anticoll)
    MFRC522_Request                          0x0800342f   Thumb Code    50  rc522.o(i.MFRC522_Request)
    MFRC522_Reset                            0x08003461   Thumb Code   112  rc522.o(i.MFRC522_Reset)
    MFRC522_SelectTag                        0x080034d5   Thumb Code   118  rc522.o(i.MFRC522_SelectTag)
    MFRC522_ToCard                           0x0800354b   Thumb Code   306  rc522.o(i.MFRC522_ToCard)
    MX_FREERTOS_Init                         0x0800367d   Thumb Code    40  freertos.o(i.MX_FREERTOS_Init)
    MX_GPIO_Init                             0x080036bd   Thumb Code   398  gpio.o(i.MX_GPIO_Init)
    MX_RTC_Init                              0x08003865   Thumb Code   134  rtc.o(i.MX_RTC_Init)
    MX_SPI1_Init                             0x080038f5   Thumb Code    60  spi.o(i.MX_SPI1_Init)
    MX_TIM3_Init                             0x08003939   Thumb Code   156  tim.o(i.MX_TIM3_Init)
    MX_USART1_UART_Init                      0x080039dd   Thumb Code    46  usart.o(i.MX_USART1_UART_Init)
    MX_USART2_UART_Init                      0x08003a15   Thumb Code    46  usart.o(i.MX_USART2_UART_Init)
    MX_USART3_UART_Init                      0x08003a4d   Thumb Code    46  usart.o(i.MX_USART3_UART_Init)
    MemManage_Handler                        0x08003a85   Thumb Code     4  stm32f4xx_it.o(i.MemManage_Handler)
    NMI_Handler                              0x08003a89   Thumb Code     4  stm32f4xx_it.o(i.NMI_Handler)
    OLED_Clear                               0x08003a8d   Thumb Code    64  oled.o(i.OLED_Clear)
    OLED_Init                                0x08003acd   Thumb Code   238  oled.o(i.OLED_Init)
    OLED_Set_Pos                             0x08003bbb   Thumb Code    42  oled.o(i.OLED_Set_Pos)
    OLED_ShowChar                            0x08003be5   Thumb Code   154  oled.o(i.OLED_ShowChar)
    OLED_ShowNum                             0x08003c89   Thumb Code   136  oled.o(i.OLED_ShowNum)
    OLED_ShowString                          0x08003d11   Thumb Code    58  oled.o(i.OLED_ShowString)
    OLED_WR_Byte                             0x08003d4b   Thumb Code    24  oled.o(i.OLED_WR_Byte)
    RFID_AddCard                             0x08003d65   Thumb Code    74  rc522.o(i.RFID_AddCard)
    RFID_GetStoredCardCount                  0x08003de1   Thumb Code     6  rc522.o(i.RFID_GetStoredCardCount)
    RFID_Init                                0x08003ded   Thumb Code    36  rc522.o(i.RFID_Init)
    RFID_StoreCard                           0x08003e65   Thumb Code   102  rc522.o(i.RFID_StoreCard)
    RFID_VerifyCard                          0x08003f2d   Thumb Code    56  rc522.o(i.RFID_VerifyCard)
    RFID_VerifyStoredCard                    0x08003f65   Thumb Code    60  rc522.o(i.RFID_VerifyStoredCard)
    RTC_Bcd2ToByte                           0x08003fdd   Thumb Code    22  stm32f4xx_hal_rtc.o(i.RTC_Bcd2ToByte)
    RTC_ByteToBcd2                           0x08003ff3   Thumb Code    26  stm32f4xx_hal_rtc.o(i.RTC_ByteToBcd2)
    RTC_EnterInitMode                        0x0800400d   Thumb Code    74  stm32f4xx_hal_rtc.o(i.RTC_EnterInitMode)
    RTC_ExitInitMode                         0x08004057   Thumb Code    46  stm32f4xx_hal_rtc.o(i.RTC_ExitInitMode)
    Read_MFRC522                             0x08004085   Thumb Code    48  rc522.o(i.Read_MFRC522)
    Servo_Init                               0x08004255   Thumb Code    16  servo.o(i.Servo_Init)
    Servo_Lock                               0x08004265   Thumb Code    12  servo.o(i.Servo_Lock)
    Servo_SetAngle                           0x08004275   Thumb Code    80  servo.o(i.Servo_SetAngle)
    Servo_Unlock                             0x080042d9   Thumb Code    40  servo.o(i.Servo_Unlock)
    SetBitMask                               0x08004309   Thumb Code    28  rc522.o(i.SetBitMask)
    StartDefaultTask                         0x08004325   Thumb Code    12  freertos.o(i.StartDefaultTask)
    SysTick_Handler                          0x08004331   Thumb Code    22  cmsis_os2.o(i.SysTick_Handler)
    SystemClock_Config                       0x08004349   Thumb Code   178  main.o(i.SystemClock_Config)
    SystemInit                               0x08004405   Thumb Code    14  system_stm32f4xx.o(i.SystemInit)
    TIM8_UP_TIM13_IRQHandler                 0x08004419   Thumb Code    10  stm32f4xx_it.o(i.TIM8_UP_TIM13_IRQHandler)
    TIM_Base_SetConfig                       0x08004429   Thumb Code   178  stm32f4xx_hal_tim.o(i.TIM_Base_SetConfig)
    TIM_CCxChannelCmd                        0x08004509   Thumb Code    34  stm32f4xx_hal_tim.o(i.TIM_CCxChannelCmd)
    TIM_ETR_SetConfig                        0x0800452b   Thumb Code    22  stm32f4xx_hal_tim.o(i.TIM_ETR_SetConfig)
    TIM_OC2_SetConfig                        0x080045c5   Thumb Code   114  stm32f4xx_hal_tim.o(i.TIM_OC2_SetConfig)
    Task_UI                                  0x0800475d   Thumb Code   204  menu.o(i.Task_UI)
    USART1_IRQHandler                        0x08004d05   Thumb Code    10  stm32f4xx_it.o(i.USART1_IRQHandler)
    USART2_IRQHandler                        0x08004d15   Thumb Code    10  stm32f4xx_it.o(i.USART2_IRQHandler)
    UsageFault_Handler                       0x08004d25   Thumb Code     4  stm32f4xx_it.o(i.UsageFault_Handler)
    Write_MFRC522                            0x08004de9   Thumb Code    44  rc522.o(i.Write_MFRC522)
    _is_digit                                0x08004e57   Thumb Code    14  __printf_wp.o(i._is_digit)
    _sys_exit                                0x08004e65   Thumb Code     2  uart_debug.o(i._sys_exit)
    fputc                                    0x0800664d   Thumb Code    22  uart_debug.o(i.fputc)
    main                                     0x08006669   Thumb Code    72  main.o(i.main)
    oled_pow                                 0x080066dd   Thumb Code    22  oled.o(i.oled_pow)
    osDelay                                  0x080066f3   Thumb Code    30  cmsis_os2.o(i.osDelay)
    osKernelInitialize                       0x08006711   Thumb Code    38  cmsis_os2.o(i.osKernelInitialize)
    osKernelStart                            0x0800673d   Thumb Code    82  cmsis_os2.o(i.osKernelStart)
    osThreadNew                              0x0800679d   Thumb Code   184  cmsis_os2.o(i.osThreadNew)
    pvPortMalloc                             0x08007279   Thumb Code   306  heap_4.o(i.pvPortMalloc)
    pxPortInitialiseStack                    0x080073c5   Thumb Code    38  port.o(i.pxPortInitialiseStack)
    sfm_compare_users                        0x080073f1   Thumb Code    92  sfm.o(i.sfm_compare_users)
    sfm_ctrl_led                             0x0800744d   Thumb Code   126  sfm.o(i.sfm_ctrl_led)
    sfm_del_user                             0x080074e1   Thumb Code    86  sfm.o(i.sfm_del_user)
    sfm_del_user_all                         0x08007539   Thumb Code    72  sfm.o(i.sfm_del_user_all)
    sfm_error_code                           0x08007585   Thumb Code   102  sfm.o(i.sfm_error_code)
    sfm_get_unused_id                        0x08007665   Thumb Code   138  sfm.o(i.sfm_get_unused_id)
    sfm_init                                 0x080076f1   Thumb Code   148  sfm.o(i.sfm_init)
    sfm_reg_user                             0x0800792d   Thumb Code   268  sfm.o(i.sfm_reg_user)
    sfm_touch_init                           0x08007c49   Thumb Code     2  sfm.o(i.sfm_touch_init)
    sfm_verify_fingerprint                   0x08007d1d   Thumb Code   218  sfm.o(i.sfm_verify_fingerprint)
    uart1_puts                               0x08007e19   Thumb Code    28  uart_debug.o(i.uart1_puts)
    uart_debug_init                          0x08007e39   Thumb Code     2  uart_debug.o(i.uart_debug_init)
    uart_debug_test                          0x08007e3d   Thumb Code    16  uart_debug.o(i.uart_debug_test)
    usart2_init                              0x08007e8d   Thumb Code    14  sfm.o(i.usart2_init)
    uxListRemove                             0x08007ea1   Thumb Code    40  list.o(i.uxListRemove)
    vApplicationGetIdleTaskMemory            0x08007ec9   Thumb Code    14  cmsis_os2.o(i.vApplicationGetIdleTaskMemory)
    vApplicationGetTimerTaskMemory           0x08007ee1   Thumb Code    16  cmsis_os2.o(i.vApplicationGetTimerTaskMemory)
    vListInitialise                          0x08007ef9   Thumb Code    26  list.o(i.vListInitialise)
    vListInitialiseItem                      0x08007f13   Thumb Code     6  list.o(i.vListInitialiseItem)
    vListInsert                              0x08007f19   Thumb Code    52  list.o(i.vListInsert)
    vListInsertEnd                           0x08007f4d   Thumb Code    24  list.o(i.vListInsertEnd)
    vPortEnterCritical                       0x08007f65   Thumb Code    76  port.o(i.vPortEnterCritical)
    vPortExitCritical                        0x08007fb9   Thumb Code    56  port.o(i.vPortExitCritical)
    vPortFree                                0x08007ff5   Thumb Code   150  heap_4.o(i.vPortFree)
    vPortSetupTimerInterrupt                 0x08008099   Thumb Code    36  port.o(i.vPortSetupTimerInterrupt)
    vPortValidateInterruptPriority           0x080080c1   Thumb Code   106  port.o(i.vPortValidateInterruptPriority)
    vQueueAddToRegistry                      0x08008139   Thumb Code    38  queue.o(i.vQueueAddToRegistry)
    vQueueWaitForMessageRestricted           0x08008165   Thumb Code    74  queue.o(i.vQueueWaitForMessageRestricted)
    vTaskDelay                               0x080081b1   Thumb Code    82  tasks.o(i.vTaskDelay)
    vTaskInternalSetTimeOutState             0x0800820d   Thumb Code    14  tasks.o(i.vTaskInternalSetTimeOutState)
    vTaskMissedYield                         0x08008225   Thumb Code     8  tasks.o(i.vTaskMissedYield)
    vTaskPlaceOnEventList                    0x08008231   Thumb Code    52  tasks.o(i.vTaskPlaceOnEventList)
    vTaskPlaceOnEventListRestricted          0x08008269   Thumb Code    60  tasks.o(i.vTaskPlaceOnEventListRestricted)
    vTaskStartScheduler                      0x080082a9   Thumb Code   156  tasks.o(i.vTaskStartScheduler)
    vTaskSuspendAll                          0x08008361   Thumb Code    12  tasks.o(i.vTaskSuspendAll)
    vTaskSwitchContext                       0x08008371   Thumb Code   122  tasks.o(i.vTaskSwitchContext)
    xPortStartScheduler                      0x08008401   Thumb Code   330  port.o(i.xPortStartScheduler)
    xPortSysTickHandler                      0x08008569   Thumb Code    46  port.o(i.xPortSysTickHandler)
    xQueueGenericCreateStatic                0x0800859d   Thumb Code   224  queue.o(i.xQueueGenericCreateStatic)
    xQueueGenericReset                       0x0800867d   Thumb Code   146  queue.o(i.xQueueGenericReset)
    xQueueGenericSend                        0x08008715   Thumb Code   420  queue.o(i.xQueueGenericSend)
    xQueueGenericSendFromISR                 0x080088bd   Thumb Code   252  queue.o(i.xQueueGenericSendFromISR)
    xQueueReceive                            0x080089b9   Thumb Code   356  queue.o(i.xQueueReceive)
    xTaskCheckForTimeOut                     0x08008b21   Thumb Code   132  tasks.o(i.xTaskCheckForTimeOut)
    xTaskCreate                              0x08008bad   Thumb Code   100  tasks.o(i.xTaskCreate)
    xTaskCreateStatic                        0x08008c11   Thumb Code   186  tasks.o(i.xTaskCreateStatic)
    xTaskGetSchedulerState                   0x08008ccd   Thumb Code    24  tasks.o(i.xTaskGetSchedulerState)
    xTaskGetTickCount                        0x08008ced   Thumb Code     6  tasks.o(i.xTaskGetTickCount)
    xTaskIncrementTick                       0x08008cf9   Thumb Code   280  tasks.o(i.xTaskIncrementTick)
    xTaskPriorityDisinherit                  0x08008e3d   Thumb Code   152  tasks.o(i.xTaskPriorityDisinherit)
    xTaskRemoveFromEventList                 0x08008ee1   Thumb Code   126  tasks.o(i.xTaskRemoveFromEventList)
    xTaskResumeAll                           0x08008f79   Thumb Code   222  tasks.o(i.xTaskResumeAll)
    xTimerCreateTimerTask                    0x0800907d   Thumb Code   100  timers.o(i.xTimerCreateTimerTask)
    xTimerGenericCommand                     0x080090f5   Thumb Code   128  timers.o(i.xTimerGenericCommand)
    _get_lc_ctype                            0x08009179   Thumb Code    44  lc_ctype_c.o(locale$$code)
    _fp_init                                 0x080091a5   Thumb Code    10  fpinit.o(x$fpl$fpinit)
    __fplib_config_fpu_vfp                   0x080091ad   Thumb Code     0  fpinit.o(x$fpl$fpinit)
    __fplib_config_pureend_doubles           0x080091ad   Thumb Code     0  fpinit.o(x$fpl$fpinit)
    F6x8                                     0x080091d8   Data         552  oled.o(.constdata)
    F8X16                                    0x08009400   Data        1520  oled.o(.constdata)
    defaultTask_attributes                   0x08009a0c   Data          36  freertos.o(.constdata)
    AHBPrescTable                            0x08009a30   Data          16  system_stm32f4xx.o(.constdata)
    APBPrescTable                            0x08009a40   Data           8  system_stm32f4xx.o(.constdata)
    Region$$Table$$Base                      0x08009b34   Number         0  anon$$obj.o(Region$$Table)
    Region$$Table$$Limit                     0x08009b54   Number         0  anon$$obj.o(Region$$Table)
    __ctype                                  0x08009b61   Data           0  lc_ctype_c.o(locale$$data)
    __stdout                                 0x20000000   Data           4  uart_debug.o(.data)
    uart1_rx_ready                           0x20000004   Data           1  uart_debug.o(.data)
    uart3_rx_ready                           0x20000005   Data           1  uart_debug.o(.data)
    g_usart2_rx_cnt                          0x20000084   Data           4  sfm.o(.data)
    g_usart2_rx_end                          0x20000088   Data           4  sfm.o(.data)
    defaultTaskHandle                        0x20000098   Data           4  freertos.o(.data)
    uwTick                                   0x2000009c   Data           4  stm32f4xx_hal.o(.data)
    uwTickPrio                               0x200000a0   Data           4  stm32f4xx_hal.o(.data)
    uwTickFreq                               0x200000a4   Data           1  stm32f4xx_hal.o(.data)
    SystemCoreClock                          0x200000a8   Data           4  system_stm32f4xx.o(.data)
    pxCurrentTCB                             0x200000ac   Data           4  tasks.o(.data)
    g_usart2_rx_buf                          0x2000012c   Data         512  sfm.o(.bss)
    hrtc                                     0x20000354   Data          32  rtc.o(.bss)
    hspi1                                    0x20000374   Data          88  spi.o(.bss)
    htim3                                    0x200003cc   Data          72  tim.o(.bss)
    huart1                                   0x20000414   Data          72  usart.o(.bss)
    huart2                                   0x2000045c   Data          72  usart.o(.bss)
    huart3                                   0x200004a4   Data          72  usart.o(.bss)
    htim8                                    0x200004ec   Data          72  stm32f4xx_hal_timebase_tim.o(.bss)
    xQueueRegistry                           0x20000534   Data          64  queue.o(.bss)
    __libspace_start                         0x20004e08   Data          96  libspace.o(.bss)
    __temporary_stack_top$libspace           0x20004e68   Data           0  libspace.o(.bss)



==============================================================================

Memory Map of the image

  Image Entry point : 0x08000189

  Load Region LR_IROM1 (Base: 0x08000000, Size: 0x00009d90, Max: 0x00080000, ABSOLUTE, COMPRESSED[0x00009cac])

    Execution Region ER_IROM1 (Exec base: 0x08000000, Load base: 0x08000000, Size: 0x00009c64, Max: 0x00080000, ABSOLUTE)

    Exec Addr    Load Addr    Size         Type   Attr      Idx    E Section Name        Object

    0x08000000   0x08000000   0x00000188   Data   RO            3    RESET               startup_stm32f407xx.o
    0x08000188   0x08000188   0x00000008   Code   RO         6684  * !!!main             c_w.l(__main.o)
    0x08000190   0x08000190   0x00000034   Code   RO         6893    !!!scatter          c_w.l(__scatter.o)
    0x080001c4   0x080001c4   0x0000005a   Code   RO         6891    !!dczerorl2         c_w.l(__dczerorl2.o)
    0x0800021e   0x0800021e   0x00000002   PAD
    0x08000220   0x08000220   0x0000001c   Code   RO         6895    !!handler_zi        c_w.l(__scatter_zi.o)
    0x0800023c   0x0800023c   0x00000000   Code   RO         6659    .ARM.Collect$$_printf_percent$$00000000  c_w.l(_printf_percent.o)
    0x0800023c   0x0800023c   0x00000006   Code   RO         6657    .ARM.Collect$$_printf_percent$$00000009  c_w.l(_printf_d.o)
    0x08000242   0x08000242   0x00000006   Code   RO         6658    .ARM.Collect$$_printf_percent$$0000000A  c_w.l(_printf_u.o)
    0x08000248   0x08000248   0x00000006   Code   RO         6656    .ARM.Collect$$_printf_percent$$0000000C  c_w.l(_printf_x.o)
    0x0800024e   0x0800024e   0x00000006   Code   RO         6654    .ARM.Collect$$_printf_percent$$00000013  c_w.l(_printf_c.o)
    0x08000254   0x08000254   0x00000006   Code   RO         6655    .ARM.Collect$$_printf_percent$$00000014  c_w.l(_printf_s.o)
    0x0800025a   0x0800025a   0x00000004   Code   RO         6710    .ARM.Collect$$_printf_percent$$00000017  c_w.l(_printf_percent_end.o)
    0x0800025e   0x0800025e   0x00000002   Code   RO         6766    .ARM.Collect$$libinit$$00000000  c_w.l(libinit.o)
    0x08000260   0x08000260   0x00000004   Code   RO         6775    .ARM.Collect$$libinit$$00000001  c_w.l(libinit2.o)
    0x08000264   0x08000264   0x00000000   Code   RO         6778    .ARM.Collect$$libinit$$00000004  c_w.l(libinit2.o)
    0x08000264   0x08000264   0x00000000   Code   RO         6781    .ARM.Collect$$libinit$$0000000A  c_w.l(libinit2.o)
    0x08000264   0x08000264   0x00000000   Code   RO         6783    .ARM.Collect$$libinit$$0000000C  c_w.l(libinit2.o)
    0x08000264   0x08000264   0x00000000   Code   RO         6785    .ARM.Collect$$libinit$$0000000E  c_w.l(libinit2.o)
    0x08000264   0x08000264   0x00000006   Code   RO         6786    .ARM.Collect$$libinit$$0000000F  c_w.l(libinit2.o)
    0x0800026a   0x0800026a   0x00000000   Code   RO         6788    .ARM.Collect$$libinit$$00000011  c_w.l(libinit2.o)
    0x0800026a   0x0800026a   0x0000000c   Code   RO         6789    .ARM.Collect$$libinit$$00000012  c_w.l(libinit2.o)
    0x08000276   0x08000276   0x00000000   Code   RO         6790    .ARM.Collect$$libinit$$00000013  c_w.l(libinit2.o)
    0x08000276   0x08000276   0x00000000   Code   RO         6792    .ARM.Collect$$libinit$$00000015  c_w.l(libinit2.o)
    0x08000276   0x08000276   0x00000000   Code   RO         6794    .ARM.Collect$$libinit$$00000017  c_w.l(libinit2.o)
    0x08000276   0x08000276   0x00000000   Code   RO         6796    .ARM.Collect$$libinit$$00000019  c_w.l(libinit2.o)
    0x08000276   0x08000276   0x00000000   Code   RO         6798    .ARM.Collect$$libinit$$0000001B  c_w.l(libinit2.o)
    0x08000276   0x08000276   0x00000000   Code   RO         6800    .ARM.Collect$$libinit$$0000001D  c_w.l(libinit2.o)
    0x08000276   0x08000276   0x00000000   Code   RO         6802    .ARM.Collect$$libinit$$0000001F  c_w.l(libinit2.o)
    0x08000276   0x08000276   0x00000000   Code   RO         6804    .ARM.Collect$$libinit$$00000021  c_w.l(libinit2.o)
    0x08000276   0x08000276   0x00000000   Code   RO         6806    .ARM.Collect$$libinit$$00000023  c_w.l(libinit2.o)
    0x08000276   0x08000276   0x00000000   Code   RO         6808    .ARM.Collect$$libinit$$00000025  c_w.l(libinit2.o)
    0x08000276   0x08000276   0x00000000   Code   RO         6812    .ARM.Collect$$libinit$$0000002C  c_w.l(libinit2.o)
    0x08000276   0x08000276   0x00000000   Code   RO         6814    .ARM.Collect$$libinit$$0000002E  c_w.l(libinit2.o)
    0x08000276   0x08000276   0x00000000   Code   RO         6816    .ARM.Collect$$libinit$$00000030  c_w.l(libinit2.o)
    0x08000276   0x08000276   0x00000000   Code   RO         6818    .ARM.Collect$$libinit$$00000032  c_w.l(libinit2.o)
    0x08000276   0x08000276   0x00000002   Code   RO         6819    .ARM.Collect$$libinit$$00000033  c_w.l(libinit2.o)
    0x08000278   0x08000278   0x00000002   Code   RO         6845    .ARM.Collect$$libshutdown$$00000000  c_w.l(libshutdown.o)
    0x0800027a   0x0800027a   0x00000000   Code   RO         6872    .ARM.Collect$$libshutdown$$00000002  c_w.l(libshutdown2.o)
    0x0800027a   0x0800027a   0x00000000   Code   RO         6874    .ARM.Collect$$libshutdown$$00000004  c_w.l(libshutdown2.o)
    0x0800027a   0x0800027a   0x00000000   Code   RO         6876    .ARM.Collect$$libshutdown$$00000006  c_w.l(libshutdown2.o)
    0x0800027a   0x0800027a   0x00000000   Code   RO         6879    .ARM.Collect$$libshutdown$$00000009  c_w.l(libshutdown2.o)
    0x0800027a   0x0800027a   0x00000000   Code   RO         6882    .ARM.Collect$$libshutdown$$0000000C  c_w.l(libshutdown2.o)
    0x0800027a   0x0800027a   0x00000000   Code   RO         6884    .ARM.Collect$$libshutdown$$0000000E  c_w.l(libshutdown2.o)
    0x0800027a   0x0800027a   0x00000000   Code   RO         6887    .ARM.Collect$$libshutdown$$00000011  c_w.l(libshutdown2.o)
    0x0800027a   0x0800027a   0x00000002   Code   RO         6888    .ARM.Collect$$libshutdown$$00000012  c_w.l(libshutdown2.o)
    0x0800027c   0x0800027c   0x00000000   Code   RO         6688    .ARM.Collect$$rtentry$$00000000  c_w.l(__rtentry.o)
    0x0800027c   0x0800027c   0x00000000   Code   RO         6717    .ARM.Collect$$rtentry$$00000002  c_w.l(__rtentry2.o)
    0x0800027c   0x0800027c   0x00000006   Code   RO         6729    .ARM.Collect$$rtentry$$00000004  c_w.l(__rtentry4.o)
    0x08000282   0x08000282   0x00000000   Code   RO         6719    .ARM.Collect$$rtentry$$00000009  c_w.l(__rtentry2.o)
    0x08000282   0x08000282   0x00000004   Code   RO         6720    .ARM.Collect$$rtentry$$0000000A  c_w.l(__rtentry2.o)
    0x08000286   0x08000286   0x00000000   Code   RO         6722    .ARM.Collect$$rtentry$$0000000C  c_w.l(__rtentry2.o)
    0x08000286   0x08000286   0x00000008   Code   RO         6723    .ARM.Collect$$rtentry$$0000000D  c_w.l(__rtentry2.o)
    0x0800028e   0x0800028e   0x00000002   Code   RO         6767    .ARM.Collect$$rtexit$$00000000  c_w.l(rtexit.o)
    0x08000290   0x08000290   0x00000000   Code   RO         6821    .ARM.Collect$$rtexit$$00000002  c_w.l(rtexit2.o)
    0x08000290   0x08000290   0x00000004   Code   RO         6822    .ARM.Collect$$rtexit$$00000003  c_w.l(rtexit2.o)
    0x08000294   0x08000294   0x00000006   Code   RO         6823    .ARM.Collect$$rtexit$$00000004  c_w.l(rtexit2.o)
    0x0800029a   0x0800029a   0x00000002   PAD
    0x0800029c   0x0800029c   0x000000be   Code   RO         6514    .emb_text           port.o
    0x0800035a   0x0800035a   0x00000002   PAD
    0x0800035c   0x0800035c   0x00000040   Code   RO            4    .text               startup_stm32f407xx.o
    0x0800039c   0x0800039c   0x00000002   Code   RO         6593    .text               c_w.l(use_no_semi_2.o)
    0x0800039e   0x0800039e   0x000000ee   Code   RO         6595    .text               c_w.l(lludivv7m.o)
    0x0800048c   0x0800048c   0x00000018   Code   RO         6601    .text               c_w.l(noretval__2printf.o)
    0x080004a4   0x080004a4   0x00000034   Code   RO         6603    .text               c_w.l(noretval__2snprintf.o)
    0x080004d8   0x080004d8   0x0000004e   Code   RO         6607    .text               c_w.l(_printf_pad.o)
    0x08000526   0x08000526   0x00000052   Code   RO         6609    .text               c_w.l(_printf_str.o)
    0x08000578   0x08000578   0x00000078   Code   RO         6611    .text               c_w.l(_printf_dec.o)
    0x080005f0   0x080005f0   0x00000058   Code   RO         6616    .text               c_w.l(_printf_hex_int.o)
    0x08000648   0x08000648   0x00000188   Code   RO         6651    .text               c_w.l(__printf_flags_ss_wp.o)
    0x080007d0   0x080007d0   0x0000001a   Code   RO         6660    .text               c_w.l(atoi.o)
    0x080007ea   0x080007ea   0x00000058   Code   RO         6664    .text               c_w.l(memcmp.o)
    0x08000842   0x08000842   0x0000003e   Code   RO         6666    .text               c_w.l(strlen.o)
    0x08000880   0x08000880   0x0000008a   Code   RO         6668    .text               c_w.l(rt_memcpy_v6.o)
    0x0800090a   0x0800090a   0x00000064   Code   RO         6670    .text               c_w.l(rt_memcpy_w.o)
    0x0800096e   0x0800096e   0x00000010   Code   RO         6674    .text               c_w.l(aeabi_memset.o)
    0x0800097e   0x0800097e   0x00000044   Code   RO         6676    .text               c_w.l(rt_memclr.o)
    0x080009c2   0x080009c2   0x0000004e   Code   RO         6678    .text               c_w.l(rt_memclr_w.o)
    0x08000a10   0x08000a10   0x00000080   Code   RO         6680    .text               c_w.l(strcmpv7m.o)
    0x08000a90   0x08000a90   0x00000006   Code   RO         6682    .text               c_w.l(heapauxi.o)
    0x08000a96   0x08000a96   0x00000002   Code   RO         6686    .text               c_w.l(use_no_semi.o)
    0x08000a98   0x08000a98   0x00000008   Code   RO         6696    .text               c_w.l(rt_errno_addr_intlibspace.o)
    0x08000aa0   0x08000aa0   0x000000b2   Code   RO         6698    .text               c_w.l(_printf_intcommon.o)
    0x08000b52   0x08000b52   0x00000002   PAD
    0x08000b54   0x08000b54   0x00000030   Code   RO         6700    .text               c_w.l(_printf_char_common.o)
    0x08000b84   0x08000b84   0x0000000a   Code   RO         6702    .text               c_w.l(_sputc.o)
    0x08000b8e   0x08000b8e   0x00000010   Code   RO         6704    .text               c_w.l(_snputc.o)
    0x08000b9e   0x08000b9e   0x0000002c   Code   RO         6706    .text               c_w.l(_printf_char.o)
    0x08000bca   0x08000bca   0x00000002   PAD
    0x08000bcc   0x08000bcc   0x00000024   Code   RO         6708    .text               c_w.l(_printf_char_file.o)
    0x08000bf0   0x08000bf0   0x00000070   Code   RO         6711    .text               c_w.l(strtol.o)
    0x08000c60   0x08000c60   0x00000008   Code   RO         6713    .text               c_w.l(libspace.o)
    0x08000c68   0x08000c68   0x00000010   Code   RO         6731    .text               c_w.l(rt_ctype_table.o)
    0x08000c78   0x08000c78   0x0000009e   Code   RO         6737    .text               c_w.l(_strtoul.o)
    0x08000d16   0x08000d16   0x00000008   Code   RO         6739    .text               c_w.l(ferror.o)
    0x08000d1e   0x08000d1e   0x0000004a   Code   RO         6743    .text               c_w.l(sys_stackheap_outer.o)
    0x08000d68   0x08000d68   0x00000008   Code   RO         6748    .text               c_w.l(rt_locale_intlibspace.o)
    0x08000d70   0x08000d70   0x0000001c   Code   RO         6750    .text               c_w.l(_chval.o)
    0x08000d8c   0x08000d8c   0x00000012   Code   RO         6755    .text               c_w.l(exit.o)
    0x08000d9e   0x08000d9e   0x0000001a   Code   RO          807    i.AntennaOn         rc522.o
    0x08000db8   0x08000db8   0x00000004   Code   RO         1328    i.BusFault_Handler  stm32f4xx_it.o
    0x08000dbc   0x08000dbc   0x00000076   Code   RO          808    i.CalulateCRC       rc522.o
    0x08000e32   0x08000e32   0x0000001c   Code   RO          809    i.ClearBitMask      rc522.o
    0x08000e4e   0x08000e4e   0x00000002   Code   RO         1329    i.DebugMon_Handler  stm32f4xx_it.o
    0x08000e50   0x08000e50   0x00000006   Code   RO         1020    i.Error_Handler     main.o
    0x08000e56   0x08000e56   0x000000ac   Code   RO         2958    i.HAL_DMA_Abort     stm32f4xx_hal_dma.o
    0x08000f02   0x08000f02   0x00000028   Code   RO         2959    i.HAL_DMA_Abort_IT  stm32f4xx_hal_dma.o
    0x08000f2a   0x08000f2a   0x00000002   PAD
    0x08000f2c   0x08000f2c   0x000001f4   Code   RO         2851    i.HAL_GPIO_Init     stm32f4xx_hal_gpio.o
    0x08001120   0x08001120   0x00000010   Code   RO         2853    i.HAL_GPIO_ReadPin  stm32f4xx_hal_gpio.o
    0x08001130   0x08001130   0x0000000c   Code   RO         2855    i.HAL_GPIO_WritePin  stm32f4xx_hal_gpio.o
    0x0800113c   0x0800113c   0x0000000c   Code   RO         3406    i.HAL_GetTick       stm32f4xx_hal.o
    0x08001148   0x08001148   0x00000018   Code   RO         3412    i.HAL_IncTick       stm32f4xx_hal.o
    0x08001160   0x08001160   0x0000003c   Code   RO         3413    i.HAL_Init          stm32f4xx_hal.o
    0x0800119c   0x0800119c   0x000000a0   Code   RO         1428    i.HAL_InitTick      stm32f4xx_hal_timebase_tim.o
    0x0800123c   0x0800123c   0x00000054   Code   RO         1404    i.HAL_MspInit       stm32f4xx_hal_msp.o
    0x08001290   0x08001290   0x00000028   Code   RO         3243    i.HAL_NVIC_EnableIRQ  stm32f4xx_hal_cortex.o
    0x080012b8   0x080012b8   0x0000007c   Code   RO         3249    i.HAL_NVIC_SetPriority  stm32f4xx_hal_cortex.o
    0x08001334   0x08001334   0x00000028   Code   RO         3250    i.HAL_NVIC_SetPriorityGrouping  stm32f4xx_hal_cortex.o
    0x0800135c   0x0800135c   0x000001a0   Code   RO         2557    i.HAL_RCCEx_PeriphCLKConfig  stm32f4xx_hal_rcc_ex.o
    0x080014fc   0x080014fc   0x00000184   Code   RO         2452    i.HAL_RCC_ClockConfig  stm32f4xx_hal_rcc.o
    0x08001680   0x08001680   0x00000044   Code   RO         2456    i.HAL_RCC_GetClockConfig  stm32f4xx_hal_rcc.o
    0x080016c4   0x080016c4   0x0000000c   Code   RO         2457    i.HAL_RCC_GetHCLKFreq  stm32f4xx_hal_rcc.o
    0x080016d0   0x080016d0   0x00000020   Code   RO         2459    i.HAL_RCC_GetPCLK1Freq  stm32f4xx_hal_rcc.o
    0x080016f0   0x080016f0   0x00000020   Code   RO         2460    i.HAL_RCC_GetPCLK2Freq  stm32f4xx_hal_rcc.o
    0x08001710   0x08001710   0x000000b0   Code   RO         2461    i.HAL_RCC_GetSysClockFreq  stm32f4xx_hal_rcc.o
    0x080017c0   0x080017c0   0x0000049c   Code   RO         2464    i.HAL_RCC_OscConfig  stm32f4xx_hal_rcc.o
    0x08001c5c   0x08001c5c   0x0000004c   Code   RO         3661    i.HAL_RTC_GetDate   stm32f4xx_hal_rtc.o
    0x08001ca8   0x08001ca8   0x0000005c   Code   RO         3663    i.HAL_RTC_GetTime   stm32f4xx_hal_rtc.o
    0x08001d04   0x08001d04   0x000000b4   Code   RO         3664    i.HAL_RTC_Init      stm32f4xx_hal_rtc.o
    0x08001db8   0x08001db8   0x0000003c   Code   RO         1146    i.HAL_RTC_MspInit   rtc.o
    0x08001df4   0x08001df4   0x000000c0   Code   RO         3670    i.HAL_RTC_SetDate   stm32f4xx_hal_rtc.o
    0x08001eb4   0x08001eb4   0x000000ec   Code   RO         3671    i.HAL_RTC_SetTime   stm32f4xx_hal_rtc.o
    0x08001fa0   0x08001fa0   0x00000038   Code   RO         3672    i.HAL_RTC_WaitForSynchro  stm32f4xx_hal_rtc.o
    0x08001fd8   0x08001fd8   0x000000c8   Code   RO         4064    i.HAL_SPI_Init      stm32f4xx_hal_spi.o
    0x080020a0   0x080020a0   0x00000088   Code   RO         1188    i.HAL_SPI_MspInit   spi.o
    0x08002128   0x08002128   0x00000248   Code   RO         4073    i.HAL_SPI_TransmitReceive  stm32f4xx_hal_spi.o
    0x08002370   0x08002370   0x00000002   Code   RO         2184    i.HAL_TIMEx_BreakCallback  stm32f4xx_hal_tim_ex.o
    0x08002372   0x08002372   0x00000002   Code   RO         2185    i.HAL_TIMEx_CommutCallback  stm32f4xx_hal_tim_ex.o
    0x08002374   0x08002374   0x000000b4   Code   RO         2203    i.HAL_TIMEx_MasterConfigSynchronization  stm32f4xx_hal_tim_ex.o
    0x08002428   0x08002428   0x00000066   Code   RO         1469    i.HAL_TIM_Base_Init  stm32f4xx_hal_tim.o
    0x0800248e   0x0800248e   0x00000002   PAD
    0x08002490   0x08002490   0x00000034   Code   RO         1230    i.HAL_TIM_Base_MspInit  tim.o
    0x080024c4   0x080024c4   0x000000a8   Code   RO         1474    i.HAL_TIM_Base_Start_IT  stm32f4xx_hal_tim.o
    0x0800256c   0x0800256c   0x0000010c   Code   RO         1478    i.HAL_TIM_ConfigClockSource  stm32f4xx_hal_tim.o
    0x08002678   0x08002678   0x00000002   Code   RO         1503    i.HAL_TIM_IC_CaptureCallback  stm32f4xx_hal_tim.o
    0x0800267a   0x0800267a   0x0000016c   Code   RO         1517    i.HAL_TIM_IRQHandler  stm32f4xx_hal_tim.o
    0x080027e6   0x080027e6   0x00000002   PAD
    0x080027e8   0x080027e8   0x00000060   Code   RO         1231    i.HAL_TIM_MspPostInit  tim.o
    0x08002848   0x08002848   0x00000002   Code   RO         1520    i.HAL_TIM_OC_DelayElapsedCallback  stm32f4xx_hal_tim.o
    0x0800284a   0x0800284a   0x00000104   Code   RO         1541    i.HAL_TIM_PWM_ConfigChannel  stm32f4xx_hal_tim.o
    0x0800294e   0x0800294e   0x00000066   Code   RO         1544    i.HAL_TIM_PWM_Init  stm32f4xx_hal_tim.o
    0x080029b4   0x080029b4   0x00000002   Code   RO         1546    i.HAL_TIM_PWM_MspInit  stm32f4xx_hal_tim.o
    0x080029b6   0x080029b6   0x00000002   Code   RO         1547    i.HAL_TIM_PWM_PulseFinishedCallback  stm32f4xx_hal_tim.o
    0x080029b8   0x080029b8   0x0000010c   Code   RO         1549    i.HAL_TIM_PWM_Start  stm32f4xx_hal_tim.o
    0x08002ac4   0x08002ac4   0x00000018   Code   RO         1021    i.HAL_TIM_PeriodElapsedCallback  main.o
    0x08002adc   0x08002adc   0x00000002   Code   RO         1560    i.HAL_TIM_TriggerCallback  stm32f4xx_hal_tim.o
    0x08002ade   0x08002ade   0x00000002   Code   RO         4387    i.HAL_UARTEx_RxEventCallback  stm32f4xx_hal_uart.o
    0x08002ae0   0x08002ae0   0x00000030   Code   RO          607    i.HAL_UART_ErrorCallback  sfm.o
    0x08002b10   0x08002b10   0x00000308   Code   RO         4404    i.HAL_UART_IRQHandler  stm32f4xx_hal_uart.o
    0x08002e18   0x08002e18   0x00000076   Code   RO         4405    i.HAL_UART_Init     stm32f4xx_hal_uart.o
    0x08002e8e   0x08002e8e   0x00000002   PAD
    0x08002e90   0x08002e90   0x000001b0   Code   RO         1278    i.HAL_UART_MspInit  usart.o
    0x08003040   0x08003040   0x000000c2   Code   RO         4408    i.HAL_UART_Receive  stm32f4xx_hal_uart.o
    0x08003102   0x08003102   0x00000002   Code   RO          608    i.HAL_UART_RxCpltCallback  sfm.o
    0x08003104   0x08003104   0x000000be   Code   RO         4413    i.HAL_UART_Transmit  stm32f4xx_hal_uart.o
    0x080031c2   0x080031c2   0x00000002   Code   RO         4416    i.HAL_UART_TxCpltCallback  stm32f4xx_hal_uart.o
    0x080031c4   0x080031c4   0x00000004   Code   RO         1330    i.HardFault_Handler  stm32f4xx_it.o
    0x080031c8   0x080031c8   0x00000048   Code   RO          340    i.IIC_Start         oled.o
    0x08003210   0x08003210   0x00000038   Code   RO          341    i.IIC_Stop          oled.o
    0x08003248   0x08003248   0x00000030   Code   RO          342    i.IIC_Wait_Ack      oled.o
    0x08003278   0x08003278   0x00000034   Code   RO          256    i.Keypad_GetChar    keyboard.o
    0x080032ac   0x080032ac   0x000000a0   Code   RO          257    i.Keypad_Scan       keyboard.o
    0x0800334c   0x0800334c   0x00000028   Code   RO          810    i.MF522SPI_Init     rc522.o
    0x08003374   0x08003374   0x00000020   Code   RO          811    i.MF522SPI_ReadWriteByte  rc522.o
    0x08003394   0x08003394   0x0000000e   Code   RO          812    i.MF522SPI_Recv     rc522.o
    0x080033a2   0x080033a2   0x0000000c   Code   RO          813    i.MF522SPI_Send     rc522.o
    0x080033ae   0x080033ae   0x00000002   PAD
    0x080033b0   0x080033b0   0x0000001c   Code   RO          814    i.MF522_Init        rc522.o
    0x080033cc   0x080033cc   0x00000062   Code   RO          815    i.MFRC522_Anticoll  rc522.o
    0x0800342e   0x0800342e   0x00000032   Code   RO          819    i.MFRC522_Request   rc522.o
    0x08003460   0x08003460   0x00000074   Code   RO          820    i.MFRC522_Reset     rc522.o
    0x080034d4   0x080034d4   0x00000076   Code   RO          821    i.MFRC522_SelectTag  rc522.o
    0x0800354a   0x0800354a   0x00000132   Code   RO          822    i.MFRC522_ToCard    rc522.o
    0x0800367c   0x0800367c   0x00000040   Code   RO         1093    i.MX_FREERTOS_Init  freertos.o
    0x080036bc   0x080036bc   0x000001a8   Code   RO         1069    i.MX_GPIO_Init      gpio.o
    0x08003864   0x08003864   0x00000090   Code   RO         1147    i.MX_RTC_Init       rtc.o
    0x080038f4   0x080038f4   0x00000044   Code   RO         1189    i.MX_SPI1_Init      spi.o
    0x08003938   0x08003938   0x000000a4   Code   RO         1232    i.MX_TIM3_Init      tim.o
    0x080039dc   0x080039dc   0x00000038   Code   RO         1279    i.MX_USART1_UART_Init  usart.o
    0x08003a14   0x08003a14   0x00000038   Code   RO         1280    i.MX_USART2_UART_Init  usart.o
    0x08003a4c   0x08003a4c   0x00000038   Code   RO         1281    i.MX_USART3_UART_Init  usart.o
    0x08003a84   0x08003a84   0x00000004   Code   RO         1331    i.MemManage_Handler  stm32f4xx_it.o
    0x08003a88   0x08003a88   0x00000004   Code   RO         1332    i.NMI_Handler       stm32f4xx_it.o
    0x08003a8c   0x08003a8c   0x00000040   Code   RO          343    i.OLED_Clear        oled.o
    0x08003acc   0x08003acc   0x000000ee   Code   RO          347    i.OLED_Init         oled.o
    0x08003bba   0x08003bba   0x0000002a   Code   RO          349    i.OLED_Set_Pos      oled.o
    0x08003be4   0x08003be4   0x000000a4   Code   RO          351    i.OLED_ShowChar     oled.o
    0x08003c88   0x08003c88   0x00000088   Code   RO          352    i.OLED_ShowNum      oled.o
    0x08003d10   0x08003d10   0x0000003a   Code   RO          353    i.OLED_ShowString   oled.o
    0x08003d4a   0x08003d4a   0x00000018   Code   RO          354    i.OLED_WR_Byte      oled.o
    0x08003d62   0x08003d62   0x00000002   PAD
    0x08003d64   0x08003d64   0x0000007c   Code   RO          824    i.RFID_AddCard      rc522.o
    0x08003de0   0x08003de0   0x0000000c   Code   RO          828    i.RFID_GetStoredCardCount  rc522.o
    0x08003dec   0x08003dec   0x00000078   Code   RO          829    i.RFID_Init         rc522.o
    0x08003e64   0x08003e64   0x000000c8   Code   RO          830    i.RFID_StoreCard    rc522.o
    0x08003f2c   0x08003f2c   0x00000038   Code   RO          832    i.RFID_VerifyCard   rc522.o
    0x08003f64   0x08003f64   0x00000078   Code   RO          833    i.RFID_VerifyStoredCard  rc522.o
    0x08003fdc   0x08003fdc   0x00000016   Code   RO         3673    i.RTC_Bcd2ToByte    stm32f4xx_hal_rtc.o
    0x08003ff2   0x08003ff2   0x0000001a   Code   RO         3674    i.RTC_ByteToBcd2    stm32f4xx_hal_rtc.o
    0x0800400c   0x0800400c   0x0000004a   Code   RO         3675    i.RTC_EnterInitMode  stm32f4xx_hal_rtc.o
    0x08004056   0x08004056   0x0000002e   Code   RO         3676    i.RTC_ExitInitMode  stm32f4xx_hal_rtc.o
    0x08004084   0x08004084   0x00000034   Code   RO          834    i.Read_MFRC522      rc522.o
    0x080040b8   0x080040b8   0x0000003c   Code   RO          355    i.SDA_Set_Mode      oled.o
    0x080040f4   0x080040f4   0x00000088   Code   RO         4102    i.SPI_EndRxTxTransaction  stm32f4xx_hal_spi.o
    0x0800417c   0x0800417c   0x000000d8   Code   RO         4107    i.SPI_WaitFlagStateUntilTimeout  stm32f4xx_hal_spi.o
    0x08004254   0x08004254   0x00000010   Code   RO          291    i.Servo_Init        servo.o
    0x08004264   0x08004264   0x00000010   Code   RO          292    i.Servo_Lock        servo.o
    0x08004274   0x08004274   0x00000064   Code   RO          293    i.Servo_SetAngle    servo.o
    0x080042d8   0x080042d8   0x00000030   Code   RO          294    i.Servo_Unlock      servo.o
    0x08004308   0x08004308   0x0000001c   Code   RO          835    i.SetBitMask        rc522.o
    0x08004324   0x08004324   0x0000000c   Code   RO         1095    i.StartDefaultTask  freertos.o
    0x08004330   0x08004330   0x00000016   Code   RO         5929    i.SysTick_Handler   cmsis_os2.o
    0x08004346   0x08004346   0x00000002   PAD
    0x08004348   0x08004348   0x000000bc   Code   RO         1022    i.SystemClock_Config  main.o
    0x08004404   0x08004404   0x00000014   Code   RO         4749    i.SystemInit        system_stm32f4xx.o
    0x08004418   0x08004418   0x00000010   Code   RO         1333    i.TIM8_UP_TIM13_IRQHandler  stm32f4xx_it.o
    0x08004428   0x08004428   0x000000e0   Code   RO         1562    i.TIM_Base_SetConfig  stm32f4xx_hal_tim.o
    0x08004508   0x08004508   0x00000022   Code   RO         1563    i.TIM_CCxChannelCmd  stm32f4xx_hal_tim.o
    0x0800452a   0x0800452a   0x00000016   Code   RO         1573    i.TIM_ETR_SetConfig  stm32f4xx_hal_tim.o
    0x08004540   0x08004540   0x00000012   Code   RO         1574    i.TIM_ITRx_SetConfig  stm32f4xx_hal_tim.o
    0x08004552   0x08004552   0x00000002   PAD
    0x08004554   0x08004554   0x00000070   Code   RO         1575    i.TIM_OC1_SetConfig  stm32f4xx_hal_tim.o
    0x080045c4   0x080045c4   0x0000007c   Code   RO         1576    i.TIM_OC2_SetConfig  stm32f4xx_hal_tim.o
    0x08004640   0x08004640   0x00000078   Code   RO         1577    i.TIM_OC3_SetConfig  stm32f4xx_hal_tim.o
    0x080046b8   0x080046b8   0x00000054   Code   RO         1578    i.TIM_OC4_SetConfig  stm32f4xx_hal_tim.o
    0x0800470c   0x0800470c   0x00000026   Code   RO         1580    i.TIM_TI1_ConfigInputStage  stm32f4xx_hal_tim.o
    0x08004732   0x08004732   0x00000028   Code   RO         1582    i.TIM_TI2_ConfigInputStage  stm32f4xx_hal_tim.o
    0x0800475a   0x0800475a   0x00000002   PAD
    0x0800475c   0x0800475c   0x000000f4   Code   RO          495    i.Task_UI           menu.o
    0x08004850   0x08004850   0x00000012   Code   RO         4418    i.UART_DMAAbortOnError  stm32f4xx_hal_uart.o
    0x08004862   0x08004862   0x0000006c   Code   RO         4428    i.UART_EndRxTransfer  stm32f4xx_hal_uart.o
    0x080048ce   0x080048ce   0x00000020   Code   RO         4429    i.UART_EndTransmit_IT  stm32f4xx_hal_uart.o
    0x080048ee   0x080048ee   0x000000fc   Code   RO         4431    i.UART_Receive_IT   stm32f4xx_hal_uart.o
    0x080049ea   0x080049ea   0x00000002   PAD
    0x080049ec   0x080049ec   0x0000022c   Code   RO         4432    i.UART_SetConfig    stm32f4xx_hal_uart.o
    0x08004c18   0x08004c18   0x00000060   Code   RO         4435    i.UART_Transmit_IT  stm32f4xx_hal_uart.o
    0x08004c78   0x08004c78   0x0000008c   Code   RO         4436    i.UART_WaitOnFlagUntilTimeout  stm32f4xx_hal_uart.o
    0x08004d04   0x08004d04   0x00000010   Code   RO         1334    i.USART1_IRQHandler  stm32f4xx_it.o
    0x08004d14   0x08004d14   0x00000010   Code   RO         1335    i.USART2_IRQHandler  stm32f4xx_it.o
    0x08004d24   0x08004d24   0x00000004   Code   RO         1336    i.UsageFault_Handler  stm32f4xx_it.o
    0x08004d28   0x08004d28   0x00000068   Code   RO          356    i.Write_IIC_Byte    oled.o
    0x08004d90   0x08004d90   0x0000002c   Code   RO          357    i.Write_IIC_Command  oled.o
    0x08004dbc   0x08004dbc   0x0000002c   Code   RO          358    i.Write_IIC_Data    oled.o
    0x08004de8   0x08004de8   0x00000030   Code   RO          836    i.Write_MFRC522     rc522.o
    0x08004e18   0x08004e18   0x00000010   Code   RO         3256    i.__NVIC_GetPriorityGrouping  stm32f4xx_hal_cortex.o
    0x08004e28   0x08004e28   0x00000028   Code   RO         3257    i.__NVIC_SetPriority  stm32f4xx_hal_cortex.o
    0x08004e50   0x08004e50   0x00000006   Code   RO         5931    i.__get_IPSR        cmsis_os2.o
    0x08004e56   0x08004e56   0x0000000e   Code   RO         6644    i._is_digit         c_w.l(__printf_wp.o)
    0x08004e64   0x08004e64   0x00000002   Code   RO           13    i._sys_exit         uart_debug.o
    0x08004e66   0x08004e66   0x00000002   PAD
    0x08004e68   0x08004e68   0x0000002c   Code   RO          359    i.delay_us          oled.o
    0x08004e94   0x08004e94   0x00000254   Code   RO          496    i.display_add_fingerprint  menu.o
    0x080050e8   0x080050e8   0x00000370   Code   RO          497    i.display_add_password  menu.o
    0x08005458   0x08005458   0x000001a0   Code   RO          498    i.display_add_rfid  menu.o
    0x080055f8   0x080055f8   0x00000280   Code   RO          499    i.display_del_fingerprint  menu.o
    0x08005878   0x08005878   0x00000140   Code   RO          500    i.display_fingerprint_result  menu.o
    0x080059b8   0x080059b8   0x00000250   Code   RO          501    i.display_fingerprint_unlock  menu.o
    0x08005c08   0x08005c08   0x000002b0   Code   RO          502    i.display_main_menu  menu.o
    0x08005eb8   0x08005eb8   0x00000250   Code   RO          503    i.display_password_unlock  menu.o
    0x08006108   0x08006108   0x00000164   Code   RO          504    i.display_rfid_result  menu.o
    0x0800626c   0x0800626c   0x00000194   Code   RO          505    i.display_rfid_unlock  menu.o
    0x08006400   0x08006400   0x0000022c   Code   RO          506    i.display_welcome   menu.o
    0x0800662c   0x0800662c   0x00000020   Code   RO          610    i.fpm383_checksum   sfm.o
    0x0800664c   0x0800664c   0x0000001c   Code   RO           14    i.fputc             uart_debug.o
    0x08006668   0x08006668   0x0000004c   Code   RO         1023    i.main              main.o
    0x080066b4   0x080066b4   0x00000028   Code   RO          507    i.menu_sfm_ensure_ready  menu.o
    0x080066dc   0x080066dc   0x00000016   Code   RO          361    i.oled_pow          oled.o
    0x080066f2   0x080066f2   0x0000001e   Code   RO         5932    i.osDelay           cmsis_os2.o
    0x08006710   0x08006710   0x0000002c   Code   RO         5946    i.osKernelInitialize  cmsis_os2.o
    0x0800673c   0x0800673c   0x00000060   Code   RO         5949    i.osKernelStart     cmsis_os2.o
    0x0800679c   0x0800679c   0x000000b8   Code   RO         5991    i.osThreadNew       cmsis_os2.o
    0x08006854   0x08006854   0x0000007c   Code   RO         5366    i.prvAddCurrentTaskToDelayedList  tasks.o
    0x080068d0   0x080068d0   0x000000b8   Code   RO         5367    i.prvAddNewTaskToReadyList  tasks.o
    0x08006988   0x08006988   0x00000074   Code   RO         5742    i.prvCheckForValidListAndQueue  timers.o
    0x080069fc   0x080069fc   0x00000048   Code   RO         5368    i.prvCheckTasksWaitingTermination  tasks.o
    0x08006a44   0x08006a44   0x0000002a   Code   RO         4953    i.prvCopyDataFromQueue  queue.o
    0x08006a6e   0x08006a6e   0x0000007e   Code   RO         4954    i.prvCopyDataToQueue  queue.o
    0x08006aec   0x08006aec   0x00000050   Code   RO         5369    i.prvDeleteTCB      tasks.o
    0x08006b3c   0x08006b3c   0x00000028   Code   RO         5743    i.prvGetNextExpireTime  timers.o
    0x08006b64   0x08006b64   0x0000007c   Code   RO         6459    i.prvHeapInit       heap_4.o
    0x08006be0   0x08006be0   0x00000028   Code   RO         5370    i.prvIdleTask       tasks.o
    0x08006c08   0x08006c08   0x0000002a   Code   RO         4957    i.prvInitialiseNewQueue  queue.o
    0x08006c32   0x08006c32   0x000000be   Code   RO         5371    i.prvInitialiseNewTask  tasks.o
    0x08006cf0   0x08006cf0   0x00000068   Code   RO         5372    i.prvInitialiseTaskLists  tasks.o
    0x08006d58   0x08006d58   0x00000068   Code   RO         6460    i.prvInsertBlockIntoFreeList  heap_4.o
    0x08006dc0   0x08006dc0   0x00000058   Code   RO         5745    i.prvInsertTimerInActiveList  timers.o
    0x08006e18   0x08006e18   0x0000001a   Code   RO         4958    i.prvIsQueueEmpty   queue.o
    0x08006e32   0x08006e32   0x0000001e   Code   RO         4959    i.prvIsQueueFull    queue.o
    0x08006e50   0x08006e50   0x00000074   Code   RO         5746    i.prvProcessExpiredTimer  timers.o
    0x08006ec4   0x08006ec4   0x00000164   Code   RO         5747    i.prvProcessReceivedCommands  timers.o
    0x08007028   0x08007028   0x00000074   Code   RO         5748    i.prvProcessTimerOrBlockTask  timers.o
    0x0800709c   0x0800709c   0x00000034   Code   RO         5374    i.prvResetNextTaskUnblockTime  tasks.o
    0x080070d0   0x080070d0   0x0000002c   Code   RO         5749    i.prvSampleTimeNow  timers.o
    0x080070fc   0x080070fc   0x000000a4   Code   RO         5750    i.prvSwitchTimerLists  timers.o
    0x080071a0   0x080071a0   0x00000040   Code   RO         6515    i.prvTaskExitError  port.o
    0x080071e0   0x080071e0   0x0000001a   Code   RO         5751    i.prvTimerTask      timers.o
    0x080071fa   0x080071fa   0x0000007e   Code   RO         4960    i.prvUnlockQueue    queue.o
    0x08007278   0x08007278   0x0000014c   Code   RO         6461    i.pvPortMalloc      heap_4.o
    0x080073c4   0x080073c4   0x0000002c   Code   RO         6516    i.pxPortInitialiseStack  port.o
    0x080073f0   0x080073f0   0x0000005c   Code   RO          611    i.sfm_compare_users  sfm.o
    0x0800744c   0x0800744c   0x00000094   Code   RO          612    i.sfm_ctrl_led      sfm.o
    0x080074e0   0x080074e0   0x00000056   Code   RO          613    i.sfm_del_user      sfm.o
    0x08007536   0x08007536   0x00000002   PAD
    0x08007538   0x08007538   0x0000004c   Code   RO          614    i.sfm_del_user_all  sfm.o
    0x08007584   0x08007584   0x000000e0   Code   RO          615    i.sfm_error_code    sfm.o
    0x08007664   0x08007664   0x0000008a   Code   RO          617    i.sfm_get_unused_id  sfm.o
    0x080076ee   0x080076ee   0x00000002   PAD
    0x080076f0   0x080076f0   0x000000b8   Code   RO          619    i.sfm_init          sfm.o
    0x080077a8   0x080077a8   0x0000001c   Code   RO          620    i.sfm_probe_ready   sfm.o
    0x080077c4   0x080077c4   0x00000168   Code   RO          621    i.sfm_recv_packet   sfm.o
    0x0800792c   0x0800792c   0x00000110   Code   RO          622    i.sfm_reg_user      sfm.o
    0x08007a3c   0x08007a3c   0x000000a8   Code   RO          623    i.sfm_request       sfm.o
    0x08007ae4   0x08007ae4   0x00000120   Code   RO          625    i.sfm_send_packet   sfm.o
    0x08007c04   0x08007c04   0x00000044   Code   RO          626    i.sfm_status_to_ack  sfm.o
    0x08007c48   0x08007c48   0x00000002   Code   RO          628    i.sfm_touch_init    sfm.o
    0x08007c4a   0x08007c4a   0x00000002   PAD
    0x08007c4c   0x08007c4c   0x00000028   Code   RO          630    i.sfm_uart_drain    sfm.o
    0x08007c74   0x08007c74   0x00000064   Code   RO          631    i.sfm_uart_find_header  sfm.o
    0x08007cd8   0x08007cd8   0x00000044   Code   RO          632    i.sfm_uart_read_exact  sfm.o
    0x08007d1c   0x08007d1c   0x000000fc   Code   RO          633    i.sfm_verify_fingerprint  sfm.o
    0x08007e18   0x08007e18   0x00000020   Code   RO           17    i.uart1_puts        uart_debug.o
    0x08007e38   0x08007e38   0x00000002   Code   RO           22    i.uart_debug_init   uart_debug.o
    0x08007e3a   0x08007e3a   0x00000002   PAD
    0x08007e3c   0x08007e3c   0x00000050   Code   RO           23    i.uart_debug_test   uart_debug.o
    0x08007e8c   0x08007e8c   0x00000014   Code   RO          635    i.usart2_init       sfm.o
    0x08007ea0   0x08007ea0   0x00000028   Code   RO         4913    i.uxListRemove      list.o
    0x08007ec8   0x08007ec8   0x00000018   Code   RO         6003    i.vApplicationGetIdleTaskMemory  cmsis_os2.o
    0x08007ee0   0x08007ee0   0x00000018   Code   RO         6004    i.vApplicationGetTimerTaskMemory  cmsis_os2.o
    0x08007ef8   0x08007ef8   0x0000001a   Code   RO         4914    i.vListInitialise   list.o
    0x08007f12   0x08007f12   0x00000006   Code   RO         4915    i.vListInitialiseItem  list.o
    0x08007f18   0x08007f18   0x00000034   Code   RO         4916    i.vListInsert       list.o
    0x08007f4c   0x08007f4c   0x00000018   Code   RO         4917    i.vListInsertEnd    list.o
    0x08007f64   0x08007f64   0x00000054   Code   RO         6518    i.vPortEnterCritical  port.o
    0x08007fb8   0x08007fb8   0x0000003c   Code   RO         6519    i.vPortExitCritical  port.o
    0x08007ff4   0x08007ff4   0x000000a4   Code   RO         6462    i.vPortFree         heap_4.o
    0x08008098   0x08008098   0x00000028   Code   RO         6520    i.vPortSetupTimerInterrupt  port.o
    0x080080c0   0x080080c0   0x00000078   Code   RO         6521    i.vPortValidateInterruptPriority  port.o
    0x08008138   0x08008138   0x0000002c   Code   RO         4966    i.vQueueAddToRegistry  queue.o
    0x08008164   0x08008164   0x0000004a   Code   RO         4970    i.vQueueWaitForMessageRestricted  queue.o
    0x080081ae   0x080081ae   0x00000002   PAD
    0x080081b0   0x080081b0   0x0000005c   Code   RO         5387    i.vTaskDelay        tasks.o
    0x0800820c   0x0800820c   0x00000018   Code   RO         5392    i.vTaskInternalSetTimeOutState  tasks.o
    0x08008224   0x08008224   0x0000000c   Code   RO         5393    i.vTaskMissedYield  tasks.o
    0x08008230   0x08008230   0x00000038   Code   RO         5395    i.vTaskPlaceOnEventList  tasks.o
    0x08008268   0x08008268   0x00000040   Code   RO         5396    i.vTaskPlaceOnEventListRestricted  tasks.o
    0x080082a8   0x080082a8   0x000000b8   Code   RO         5404    i.vTaskStartScheduler  tasks.o
    0x08008360   0x08008360   0x00000010   Code   RO         5406    i.vTaskSuspendAll   tasks.o
    0x08008370   0x08008370   0x00000090   Code   RO         5407    i.vTaskSwitchContext  tasks.o
    0x08008400   0x08008400   0x00000168   Code   RO         6522    i.xPortStartScheduler  port.o
    0x08008568   0x08008568   0x00000034   Code   RO         6523    i.xPortSysTickHandler  port.o
    0x0800859c   0x0800859c   0x000000e0   Code   RO         4976    i.xQueueGenericCreateStatic  queue.o
    0x0800867c   0x0800867c   0x00000098   Code   RO         4977    i.xQueueGenericReset  queue.o
    0x08008714   0x08008714   0x000001a8   Code   RO         4978    i.xQueueGenericSend  queue.o
    0x080088bc   0x080088bc   0x000000fc   Code   RO         4979    i.xQueueGenericSendFromISR  queue.o
    0x080089b8   0x080089b8   0x00000168   Code   RO         4988    i.xQueueReceive     queue.o
    0x08008b20   0x08008b20   0x0000008c   Code   RO         5409    i.xTaskCheckForTimeOut  tasks.o
    0x08008bac   0x08008bac   0x00000064   Code   RO         5410    i.xTaskCreate       tasks.o
    0x08008c10   0x08008c10   0x000000ba   Code   RO         5411    i.xTaskCreateStatic  tasks.o
    0x08008cca   0x08008cca   0x00000002   PAD
    0x08008ccc   0x08008ccc   0x00000020   Code   RO         5415    i.xTaskGetSchedulerState  tasks.o
    0x08008cec   0x08008cec   0x0000000c   Code   RO         5416    i.xTaskGetTickCount  tasks.o
    0x08008cf8   0x08008cf8   0x00000144   Code   RO         5418    i.xTaskIncrementTick  tasks.o
    0x08008e3c   0x08008e3c   0x000000a4   Code   RO         5421    i.xTaskPriorityDisinherit  tasks.o
    0x08008ee0   0x08008ee0   0x00000098   Code   RO         5423    i.xTaskRemoveFromEventList  tasks.o
    0x08008f78   0x08008f78   0x00000104   Code   RO         5424    i.xTaskResumeAll    tasks.o
    0x0800907c   0x0800907c   0x00000078   Code   RO         5760    i.xTimerCreateTimerTask  timers.o
    0x080090f4   0x080090f4   0x00000084   Code   RO         5761    i.xTimerGenericCommand  timers.o
    0x08009178   0x08009178   0x0000002c   Code   RO         6753    locale$$code        c_w.l(lc_ctype_c.o)
    0x080091a4   0x080091a4   0x0000000a   Code   RO         6833    x$fpl$fpinit        fz_wm.l(fpinit.o)
    0x080091ae   0x080091ae   0x00000002   PAD
    0x080091b0   0x080091b0   0x00000028   Data   RO          258    .constdata          keyboard.o
    0x080091d8   0x080091d8   0x00000818   Data   RO          362    .constdata          oled.o
    0x080099f0   0x080099f0   0x0000001c   Data   RO          637    .constdata          sfm.o
    0x08009a0c   0x08009a0c   0x00000024   Data   RO         1096    .constdata          freertos.o
    0x08009a30   0x08009a30   0x00000018   Data   RO         4750    .constdata          system_stm32f4xx.o
    0x08009a48   0x08009a48   0x00000028   Data   RO         6617    .constdata          c_w.l(_printf_hex_int.o)
    0x08009a70   0x08009a70   0x00000011   Data   RO         6652    .constdata          c_w.l(__printf_flags_ss_wp.o)
    0x08009a81   0x08009a81   0x00000003   PAD
    0x08009a84   0x08009a84   0x00000047   Data   RO          508    .conststring        menu.o
    0x08009acb   0x08009acb   0x00000001   PAD
    0x08009acc   0x08009acc   0x0000005b   Data   RO          638    .conststring        sfm.o
    0x08009b27   0x08009b27   0x00000001   PAD
    0x08009b28   0x08009b28   0x0000000c   Data   RO         1097    .conststring        freertos.o
    0x08009b34   0x08009b34   0x00000020   Data   RO         6889    Region$$Table       anon$$obj.o
    0x08009b54   0x08009b54   0x00000110   Data   RO         6752    locale$$data        c_w.l(lc_ctype_c.o)


    Execution Region RW_IRAM1 (Exec base: 0x20000000, Load base: 0x08009c64, Size: 0x00005468, Max: 0x0001c000, ABSOLUTE, COMPRESSED[0x00000048])

    Exec Addr    Load Addr    Size         Type   Attr      Idx    E Section Name        Object

    0x20000000   COMPRESSED   0x00000006   Data   RW           24    .data               uart_debug.o
    0x20000006   COMPRESSED   0x00000002   PAD
    0x20000008   COMPRESSED   0x0000007c   Data   RW          509    .data               menu.o
    0x20000084   COMPRESSED   0x00000011   Data   RW          639    .data               sfm.o
    0x20000095   COMPRESSED   0x00000001   Data   RW          838    .data               rc522.o
    0x20000096   COMPRESSED   0x00000002   PAD
    0x20000098   COMPRESSED   0x00000004   Data   RW         1098    .data               freertos.o
    0x2000009c   COMPRESSED   0x00000009   Data   RW         3420    .data               stm32f4xx_hal.o
    0x200000a5   COMPRESSED   0x00000003   PAD
    0x200000a8   COMPRESSED   0x00000004   Data   RW         4751    .data               system_stm32f4xx.o
    0x200000ac   COMPRESSED   0x0000003c   Data   RW         5427    .data               tasks.o
    0x200000e8   COMPRESSED   0x00000014   Data   RW         5769    .data               timers.o
    0x200000fc   COMPRESSED   0x00000004   Data   RW         6006    .data               cmsis_os2.o
    0x20000100   COMPRESSED   0x00000020   Data   RW         6468    .data               heap_4.o
    0x20000120   COMPRESSED   0x0000000c   Data   RW         6524    .data               port.o
    0x2000012c        -       0x00000200   Zero   RW          636    .bss                sfm.o
    0x2000032c        -       0x00000028   Zero   RW          837    .bss                rc522.o
    0x20000354        -       0x00000020   Zero   RW         1148    .bss                rtc.o
    0x20000374        -       0x00000058   Zero   RW         1190    .bss                spi.o
    0x200003cc        -       0x00000048   Zero   RW         1233    .bss                tim.o
    0x20000414        -       0x000000d8   Zero   RW         1282    .bss                usart.o
    0x200004ec        -       0x00000048   Zero   RW         1431    .bss                stm32f4xx_hal_timebase_tim.o
    0x20000534        -       0x00000040   Zero   RW         4992    .bss                queue.o
    0x20000574        -       0x000004c4   Zero   RW         5426    .bss                tasks.o
    0x20000a38        -       0x00000118   Zero   RW         5768    .bss                timers.o
    0x20000b50        -       0x000006b8   Zero   RW         6005    .bss                cmsis_os2.o
    0x20001208        -       0x00003c00   Zero   RW         6467    .bss                heap_4.o
    0x20004e08        -       0x00000060   Zero   RW         6714    .bss                c_w.l(libspace.o)
    0x20004e68        -       0x00000200   Zero   RW            2    HEAP                startup_stm32f407xx.o
    0x20005068        -       0x00000400   Zero   RW            1    STACK               startup_stm32f407xx.o


    Execution Region RW_IRAM2 (Exec base: 0x2001c000, Load base: 0x08009cac, Size: 0x00000000, Max: 0x00004000, ABSOLUTE)

    **** No section assigned to this execution region ****


==============================================================================

Image component sizes


      Code (inc. data)   RO Data    RW Data    ZI Data      Debug   Object Name

       430         38          0          4       1720      65211   cmsis_os2.o
         0          0          0          0          0      19500   event_groups.o
        76         24         48          4          0       1869   freertos.o
       424         26          0          0          0       1203   gpio.o
       724         74          0         32      15360       4927   heap_4.o
       212         12         40          0          0       2155   keyboard.o
       148          0          0          0          0       3626   list.o
       294         20          0          0          0       2804   main.o
      6324       1812         71        124          0      13842   menu.o
      1220         38       2072          0          0      10712   oled.o
      1014         92          0         12          0      11805   port.o
      1922         20          0          0         64      17548   queue.o
      1746        326          0          1         40      17205   rc522.o
       204         20          0          0         32       1707   rtc.o
       180         32          0          0          0       2002   servo.o
      2696        372        119         17        512      18389   sfm.o
       204         22          0          0         88       1709   spi.o
        64         26        392          0       1536        852   startup_stm32f407xx.o
        96         20          0          9          0       8134   stm32f4xx_hal.o
       260         22          0          0          0      33614   stm32f4xx_hal_cortex.o
       212          0          0          0          0       1979   stm32f4xx_hal_dma.o
       528         46          0          0          0       2823   stm32f4xx_hal_gpio.o
        84          6          0          0          0        878   stm32f4xx_hal_msp.o
      1888         94          0          0          0       6357   stm32f4xx_hal_rcc.o
       416         20          0          0          0       1424   stm32f4xx_hal_rcc_ex.o
      1000         28          0          0          0       8089   stm32f4xx_hal_rtc.o
      1136         12          0          0          0       4697   stm32f4xx_hal_spi.o
      2358        142          0          0          0      16772   stm32f4xx_hal_tim.o
       184         30          0          0          0       2565   stm32f4xx_hal_tim_ex.o
       160         20          0          0         72       1463   stm32f4xx_hal_timebase_tim.o
      2484         14          0          0          0      11656   stm32f4xx_hal_uart.o
        70         18          0          0          0       4396   stm32f4xx_it.o
         0          0          0          0          0        392   stream_buffer.o
        20          6         24          4          0       1159   system_stm32f4xx.o
      2808        346          0         60       1220      27702   tasks.o
       312         28          0          0         72       2436   tim.o
      1318        124          0         20        280      33039   timers.o
       144         74          0          6          0     724593   uart_debug.o
       600         56          0          0        216       3128   usart.o

    ----------------------------------------------------------------------
     33996       4060       2800        300      21212    1094362   Object Totals
         0          0         32          0          0          0   (incl. Generated)
        36          0          2          7          0          0   (incl. Padding)

    ----------------------------------------------------------------------

      Code (inc. data)   RO Data    RW Data    ZI Data      Debug   Library Member Name

        90          0          0          0          0          0   __dczerorl2.o
         8          0          0          0          0         68   __main.o
       392          4         17          0          0         92   __printf_flags_ss_wp.o
        14          0          0          0          0         68   __printf_wp.o
         0          0          0          0          0          0   __rtentry.o
        12          0          0          0          0          0   __rtentry2.o
         6          0          0          0          0          0   __rtentry4.o
        52          8          0          0          0          0   __scatter.o
        28          0          0          0          0          0   __scatter_zi.o
        28          0          0          0          0         68   _chval.o
         6          0          0          0          0          0   _printf_c.o
        44          0          0          0          0        108   _printf_char.o
        48          6          0          0          0         96   _printf_char_common.o
        36          4          0          0          0         80   _printf_char_file.o
         6          0          0          0          0          0   _printf_d.o
       120         16          0          0          0         92   _printf_dec.o
        88          4         40          0          0         88   _printf_hex_int.o
       178          0          0          0          0         88   _printf_intcommon.o
        78          0          0          0          0        108   _printf_pad.o
         0          0          0          0          0          0   _printf_percent.o
         4          0          0          0          0          0   _printf_percent_end.o
         6          0          0          0          0          0   _printf_s.o
        82          0          0          0          0         80   _printf_str.o
         6          0          0          0          0          0   _printf_u.o
         6          0          0          0          0          0   _printf_x.o
        16          0          0          0          0         68   _snputc.o
        10          0          0          0          0         68   _sputc.o
       158          0          0          0          0         92   _strtoul.o
        16          0          0          0          0         68   aeabi_memset.o
        26          0          0          0          0         80   atoi.o
        18          0          0          0          0         80   exit.o
         8          0          0          0          0         68   ferror.o
         6          0          0          0          0        152   heapauxi.o
        44         10        272          0          0         76   lc_ctype_c.o
         2          0          0          0          0          0   libinit.o
        24          0          0          0          0          0   libinit2.o
         2          0          0          0          0          0   libshutdown.o
         2          0          0          0          0          0   libshutdown2.o
         8          4          0          0         96         68   libspace.o
       238          0          0          0          0        100   lludivv7m.o
        88          0          0          0          0         76   memcmp.o
        24          4          0          0          0         84   noretval__2printf.o
        52          4          0          0          0         84   noretval__2snprintf.o
        16          4          0          0          0         76   rt_ctype_table.o
         8          4          0          0          0         68   rt_errno_addr_intlibspace.o
         8          4          0          0          0         68   rt_locale_intlibspace.o
        68          0          0          0          0         68   rt_memclr.o
        78          0          0          0          0         80   rt_memclr_w.o
       138          0          0          0          0         68   rt_memcpy_v6.o
       100          0          0          0          0         80   rt_memcpy_w.o
         2          0          0          0          0          0   rtexit.o
        10          0          0          0          0          0   rtexit2.o
       128          0          0          0          0         68   strcmpv7m.o
        62          0          0          0          0         76   strlen.o
       112          0          0          0          0         88   strtol.o
        74          0          0          0          0         80   sys_stackheap_outer.o
         2          0          0          0          0         68   use_no_semi.o
         2          0          0          0          0         68   use_no_semi_2.o
        10          0          0          0          0        116   fpinit.o

    ----------------------------------------------------------------------
      2908         76        332          0         96       3272   Library Totals
        10          0          3          0          0          0   (incl. Padding)

    ----------------------------------------------------------------------

      Code (inc. data)   RO Data    RW Data    ZI Data      Debug   Library Name

      2888         76        329          0         96       3156   c_w.l
        10          0          0          0          0        116   fz_wm.l

    ----------------------------------------------------------------------
      2908         76        332          0         96       3272   Library Totals

    ----------------------------------------------------------------------

==============================================================================


      Code (inc. data)   RO Data    RW Data    ZI Data      Debug   

     36904       4136       3132        300      21308    1070414   Grand Totals
     36904       4136       3132         72      21308    1070414   ELF Image Totals (compressed)
     36904       4136       3132         72          0          0   ROM Totals

==============================================================================

    Total RO  Size (Code + RO Data)                40036 (  39.10kB)
    Total RW  Size (RW Data + ZI Data)             21608 (  21.10kB)
    Total ROM Size (Code + RO Data + RW Data)      40108 (  39.17kB)

==============================================================================

